 cube

 Timestamp is 51a9c019 (Sat Jun 01 11:34:17 2013)

 Preferred load address is 00400000

 Start         Length     Name                   Class
 0001:00000000 000267e4H .text                   CODE
 0001:000267f0 00000136H .text$x                 CODE
 0001:00026930 00001a4eH .text$yc                CODE
 0001:00028380 0000015fH .text$yd                CODE
 0002:00000000 000003f4H .idata$5                DATA
 0002:000003f4 00000004H .CRT$XCA                DATA
 0002:000003f8 00000004H .CRT$XCAA               DATA
 0002:000003fc 0000035cH .CRT$XCU                DATA
 0002:00000758 00000004H .CRT$XCZ                DATA
 0002:0000075c 00000004H .CRT$XIA                DATA
 0002:00000760 00000004H .CRT$XIAA               DATA
 0002:00000764 00000004H .CRT$XIC                DATA
 0002:00000768 00000004H .CRT$XIY                DATA
 0002:0000076c 00000004H .CRT$XIZ                DATA
 0002:00000770 0000253cH .rdata                  DATA
 0002:00002cac 00000038H .rdata$debug            DATA
 0002:00002ce4 00000004H .rtc$IAA                DATA
 0002:00002ce8 00000004H .rtc$IZZ                DATA
 0002:00002cec 00000004H .rtc$TAA                DATA
 0002:00002cf0 00000004H .rtc$TZZ                DATA
 0002:00002cf8 0000016cH .xdata$x                DATA
 0002:00002e64 000000dcH .idata$2                DATA
 0002:00002f40 00000014H .idata$3                DATA
 0002:00002f54 000003f4H .idata$4                DATA
 0002:00003348 00000d22H .idata$6                DATA
 0002:0000406a 00000000H .edata                  DATA
 0003:00000000 000007a3H .data                   DATA
 0003:000007a8 000d18e0H .bss                    DATA

  Address         Publics by Value              Rva+Base       Lib:Object

 0000:00000000       ___safe_se_handler_count   00000000     <absolute>
 0000:00000000       ___safe_se_handler_table   00000000     <absolute>
 0000:00000000       __except_list              00000000     <absolute>
 0000:00009876       __ldused                   00009876     <absolute>
 0000:00009876       __fltused                  00009876     <absolute>
 0000:00000000       ___ImageBase               00400000     <linker-defined>
 0001:00000000       ?setarraypointers@@YAXXZ   00401000 f   rendercubes.obj
 0001:00000050       ?reallocv@@YAXXZ           00401050 f   rendercubes.obj
 0001:000000b0       ?showmip@@YAXXZ            004010b0 f   rendercubes.obj
 0001:000000d0       ?mipstats@@YAXHHH@Z        004010d0 f   rendercubes.obj
 0001:00000100       ?finishstrips@@YAXXZ       00401100 f   rendercubes.obj
 0001:00000150       ?render_flat@@YAXHHHHHPAUsqr@@000_N@Z 00401150 f   rendercubes.obj
 0001:000008c0       ?render_flatdelta@@YAXHHHHMMMMPAUsqr@@000_N@Z 004018c0 f   rendercubes.obj
 0001:00000e80       ?render_2tris@@YAXPAUsqr@@0HHHHHH000@Z 00401e80 f   rendercubes.obj
 0001:000012c0       ?render_tris@@YAXHHH_NPAUsqr@@11111@Z 004022c0 f   rendercubes.obj
 0001:000013f0       ?render_square@@YAXHMMMMHHHHHPAUsqr@@0_N@Z 004023f0 f   rendercubes.obj
 0001:00001920       ?var_waterlevel@@YAXXZ     00402920 f   rendercubes.obj
 0001:00001940       ?renderwater@@YAHM@Z       00402940 f   rendercubes.obj
 0001:00001c60       ?addwaterquad@@YAXHHH@Z    00402c60 f   rendercubes.obj
 0001:00001d00       ?resetcubes@@YAXXZ         00402d00 f   rendercubes.obj
 0001:00001d80       ?vertw@@YAXHMHPAUsqr@@MMM@Z 00402d80 f i rendercubes.obj
 0001:00001e50       ?dx@@YAMM@Z                00402e50 f i rendercubes.obj
 0001:00001e90       ?sin@@YAMM@Z               00402e90 f i rendercubes.obj
 0001:00001eb0       _sinf                      00402eb0 f i rendercubes.obj
 0001:00001ed0       ?dy@@YAMM@Z                00402ed0 f i rendercubes.obj
 0001:00001f20       ?line@@YAXHHMHHM@Z         00402f20 f   renderextras.obj
 0001:00001fd0       ?linestyle@@YAXMHHH@Z      00402fd0 f   renderextras.obj
 0001:00002000       ?box@@YAXAAUblock@@MMMM@Z  00403000 f   renderextras.obj
 0001:000020e0       ?dot@@YAXHHM@Z             004030e0 f   renderextras.obj
 0001:000021d0       ?blendbox@@YAXHHHH_N@Z     004031d0 f   renderextras.obj
 0001:00002360       ?newsphere@@YAXAAUvec@@MH@Z 00403360 f   renderextras.obj
 0001:00002420       ?renderspheres@@YAXH@Z     00403420 f   renderextras.obj
 0001:000025e0       ?renderents@@YAXXZ         004035e0 f   renderextras.obj
 0001:00002730       ?loadsky@@YAXPAD@Z         00403730 f   renderextras.obj
 0001:00002840       ?readmatrices@@YAXXZ       00403840 f   renderextras.obj
 0001:00002880       ?depthcorrect@@YAMM@Z      00403880 f   renderextras.obj
 0001:000028c0       ?readdepth@@YAXHH@Z        004038c0 f   renderextras.obj
 0001:000029e0       ?drawicon@@YAXMMHH@Z       004039e0 f   renderextras.obj
 0001:00002b00       ?invertperspective@@YAXXZ  00403b00 f   renderextras.obj
 0001:00002b80       ?damageblend@@YAXH@Z       00403b80 f   renderextras.obj
 0001:00002ba0       ?gl_drawhud@@YAXHHHHH_N@Z  00403ba0 f   renderextras.obj
 0001:000032e0       ??A?$vector@Uentity@@@@QAEAAUentity@@H@Z 004042e0 f i renderextras.obj
 0001:00003300       ?strcpy_s@@YAXPADPBD@Z     00404300 f i renderextras.obj
 0001:00003320       ?strn0cpy@@YAXPADPBDI@Z    00404320 f i renderextras.obj
 0001:00003350       ??0sprintf_s_f@@QAE@PAD@Z  00404350 f i renderextras.obj
 0001:00003370       ??Rsprintf_s_f@@QAAXPBDZZ  00404370 f i renderextras.obj
 0001:000033b0       ?gl_init@@YAXHH@Z          004043b0 f   rendergl.obj
 0001:00003560       ?cleangl@@YAXXZ            00404560 f   rendergl.obj
 0001:00003580       ?installtex@@YA_NHPADAAH1_N@Z 00404580 f   rendergl.obj
 0001:000037c0       ?purgetextures@@YAXXZ      004047c0 f   rendergl.obj
 0001:00003820       ?texturereset@@YAXXZ       00404820 f   rendergl.obj
 0001:00003830       ?texture@@YAXPAD0@Z        00404830 f   rendergl.obj
 0001:000038d0       ?lookuptexture@@YAHHAAH0@Z 004048d0 f   rendergl.obj
 0001:00003b50       ?setupworld@@YAXXZ         00404b50 f   rendergl.obj
 0001:00003be0       ?renderstripssky@@YAXXZ    00404be0 f   rendergl.obj
 0001:00003c70       ?renderstrips@@YAXXZ       00404c70 f   rendergl.obj
 0001:00003d40       ?overbright@@YAXM@Z        00404d40 f   rendergl.obj
 0001:00003d70       ?addstrip@@YAXHHH@Z        00404d70 f   rendergl.obj
 0001:00003da0       ?var_gamma@@YAXXZ          00404da0 f   rendergl.obj
 0001:00003e00       ?transplayer@@YAXXZ        00404e00 f   rendergl.obj
 0001:00003f00       ?drawhudmodel@@YAXHHMH@Z   00404f00 f   rendergl.obj
 0001:00003fa0       ?drawhudgun@@YAXMMH@Z      00404fa0 f   rendergl.obj
 0001:000040f0       ?gl_drawframe@@YAXHHM@Z    004050f0 f   rendergl.obj
 0001:000045c0       ?strstr@@YAPADPADPBD@Z     004055c0 f i rendergl.obj
 0001:000045e0       ?setsize@?$vector@Umitem@@@@QAEXH@Z 004055e0 f i menus.obj
 0001:000045e0       ?setsize@?$vector@Uentity@@@@QAEXH@Z 004055e0 f i world.obj
 0001:000045e0       ?setsize@?$vector@H@@QAEXH@Z 004055e0 f i client.obj
 0001:000045e0       ?setsize@?$vector@Uresolverresult@@@@QAEXH@Z 004055e0 f i serverbrowser.obj
 0001:000045e0       ?setsize@?$vector@Ucline@@@@QAEXH@Z 004055e0 f i console.obj
 0001:000045e0       ?setsize@?$vector@PAD@@QAEXH@Z 004055e0 f i serverbrowser.obj
 0001:000045e0       ?setsize@?$vector@Uclient@@@@QAEXH@Z 004055e0 f i server.obj
 0001:000045e0       ?setsize@?$vector@Uresolverthread@@@@QAEXH@Z 004055e0 f i serverbrowser.obj
 0001:000045e0       ?setsize@?$vector@Userverinfo@@@@QAEXH@Z 004055e0 f i serverbrowser.obj
 0001:000045e0       ?setsize@?$vector@PAUblock@@@@QAEXH@Z 004055e0 f i editing.obj
 0001:000045e0       ?setsize@?$vector@Userver_entity@@@@QAEXH@Z 004055e0 f i server.obj
 0001:000045e0       ?setsize@?$vector@Ustrip@@@@QAEXH@Z 004055e0 f i rendergl.obj
 0001:000045e0       ?setsize@?$vector@PAUdynent@@@@QAEXH@Z 004055e0 f i clientgame.obj
 0001:000045e0       ?setsize@?$vector@PAUMix_Chunk@@@@QAEXH@Z 004055e0 f i sound.obj
 0001:000045e0       ?setsize@?$vector@PAUmd2@@@@QAEXH@Z 004055e0 f i rendermd2.obj
 0001:000045e0       ?setsize@?$vector@Usline@@@@QAEXH@Z 004055e0 f i clientextras.obj
 0001:00004610       ??2@YAPAXIPAX@Z            00405610 f i rendergl.obj
 0001:00004620       ??1?$vector@Ustrip@@@@QAE@XZ 00405620 f i rendergl.obj
 0001:00004620       ??1?$vector@Uresolverresult@@@@QAE@XZ 00405620 f i serverbrowser.obj
 0001:00004620       ??1?$vector@Uresolverthread@@@@QAE@XZ 00405620 f i serverbrowser.obj
 0001:00004650       ?load@md2@@QAE_NPAD@Z      00405650 f   rendermd2.obj
 0001:00004870       ?snap@@YAMHM@Z             00405870 f   rendermd2.obj
 0001:000048b0       ?scale@md2@@QAEXHMH@Z      004058b0 f   rendermd2.obj
 0001:00004a00       ?render@md2@@QAEXAAUvec@@HHMMMMMMMHH@Z 00405a00 f   rendermd2.obj
 0001:00004d40       ?delayedload@@YAXPAUmd2@@@Z 00405d40 f   rendermd2.obj
 0001:00004e30       ?loadmodel@@YAPAUmd2@@PAD@Z 00405e30 f   rendermd2.obj
 0001:00004fb0       ?mapmodel@@YAXPAD0000@Z    00405fb0 f   rendermd2.obj
 0001:00005040       ?mapmodelreset@@YAXXZ      00406040 f   rendermd2.obj
 0001:00005060       ?getmminfo@@YAAAUmapmodelinfo@@H@Z 00406060 f   rendermd2.obj
 0001:000050b0       ?rendermodel@@YAXPADHHHMMMMMM_NMMHH@Z 004060b0 f   rendermd2.obj
 0001:000052c0       ??0md2@@QAE@XZ             004062c0 f i rendermd2.obj
 0001:00005300       ??0?$hashtable@PAUmd2@@@@QAE@XZ 00406300 f i rendermd2.obj
 0001:00005380       ?access@?$hashtable@PAUmd2@@@@QAEPAPAUmd2@@PADPAPAU2@@Z 00406380 f i rendermd2.obj
 0001:000054c0       ?newstring@@YAPADPAD@Z     004064c0 f i rendermd2.obj
 0001:000054e0       ?string@pool@@QAEPADPAD@Z  004064e0 f i rendermd2.obj
 0001:00005510       ??0?$vector@PAUMix_Chunk@@@@QAE@XZ 00406510 f i sound.obj
 0001:00005510       ??0?$vector@PAD@@QAE@XZ    00406510 f i serverbrowser.obj
 0001:00005510       ??0?$vector@PAUmd2@@@@QAE@XZ 00406510 f i rendermd2.obj
 0001:00005510       ??0?$vector@H@@QAE@XZ      00406510 f i client.obj
 0001:00005510       ??0?$vector@PAUdynent@@@@QAE@XZ 00406510 f i clientgame.obj
 0001:00005510       ??0?$vector@PAUblock@@@@QAE@XZ 00406510 f i editing.obj
 0001:00005560       ?newparticle@@YAXAAUvec@@0HH@Z 00406560 f   renderparticles.obj
 0001:00005640       ?setorient@@YAXAAUvec@@0@Z 00406640 f   renderparticles.obj
 0001:00005680       ?render_particles@@YAXH@Z  00406680 f   renderparticles.obj
 0001:00005d90       ?particle_splash@@YAXHHHAAUvec@@@Z 00406d90 f   renderparticles.obj
 0001:00005e80       ?particle_trail@@YAXHHAAUvec@@0@Z 00406e80 f   renderparticles.obj
 0001:00006000       ?sqrt@@YAMM@Z              00407000 f i renderparticles.obj
 0001:00006020       _sqrtf                     00407020 f i renderparticles.obj
 0001:00006040       ?text_width@@YAHPAD@Z      00407040 f   rendertext.obj
 0001:00006100       ?draw_textf@@YAXPADHHHZZ   00407100 f   rendertext.obj
 0001:00006170       ?draw_text@@YAXPADHHH@Z    00407170 f   rendertext.obj
 0001:000063c0       ?draw_envbox_aux@@YAXMMHHHMMHHHMMHHHMMHHHH@Z 004073c0 f   rendertext.obj
 0001:000064d0       ?draw_envbox@@YAXHH@Z      004074d0 f   rendertext.obj
 0001:000067d0       ?formatstring@@YAXPADPBD0@Z 004077d0 f i rendertext.obj
 0001:00006800       ?getclientnum@@YAHXZ       00407800 f   client.obj
 0001:00006810       ?multiplayer@@YA_NXZ       00407810 f   client.obj
 0001:00006840       ?allowedittoggle@@YA_NXZ   00407840 f   client.obj
 0001:00006890       ?var_rate@@YAXXZ           00407890 f   client.obj
 0001:000068d0       ?var_throttle_interval@@YAXXZ 004078d0 f   client.obj
 0001:000068e0       ?var_throttle_accel@@YAXXZ 004078e0 f   client.obj
 0001:000068f0       ?var_throttle_decel@@YAXXZ 004078f0 f   client.obj
 0001:00006900       ?throttle@@YAXXZ           00407900 f   client.obj
 0001:00006950       ?newname@@YAXPAD@Z         00407950 f   client.obj
 0001:00006980       ?newteam@@YAXPAD@Z         00407980 f   client.obj
 0001:000069b0       ?writeclientinfo@@YAXPAU_iobuf@@@Z 004079b0 f   client.obj
 0001:000069e0       ?connects@@YAXPAD@Z        004079e0 f   client.obj
 0001:00006ad0       ?disconnect@@YAXHH@Z       00407ad0 f   client.obj
 0001:00006c10       ?trydisconnect@@YAXXZ      00407c10 f   client.obj
 0001:00006c80       ?toserver@@YAXPAD@Z        00407c80 f   client.obj
 0001:00006cc0       ?echo@@YAXPAD@Z            00407cc0 f   client.obj
 0001:00006ce0       ?addmsg@@YAXHHHZZ          00407ce0 f   client.obj
 0001:00006e20       ?server_err@@YAXXZ         00407e20 f   client.obj
 0001:00006e40       ?password@@YAXPAD@Z        00407e40 f   client.obj
 0001:00006e60       ?netmapstart@@YA_NXZ       00407e60 f   client.obj
 0001:00006e80       ?initclientnet@@YAXXZ      00407e80 f   client.obj
 0001:00006ec0       ?sendpackettoserv@@YAXPAX@Z 00407ec0 f   client.obj
 0001:00006f00       ?c2sinfo@@YAXPAUdynent@@@Z 00407f00 f   client.obj
 0001:000073a0       ?gets2c@@YAXXZ             004083a0 f   client.obj
 0001:00007500       ?add@?$vector@U?$vector@H@@@@QAEAAU?$vector@H@@XZ 00408500 f i client.obj
 0001:000075c0       ??A?$vector@U?$vector@H@@@@QAEAAU?$vector@H@@H@Z 004085c0 f i client.obj
 0001:000075e0       ?setsize@?$vector@U?$vector@H@@@@QAEXH@Z 004085e0 f i client.obj
 0001:00007630       ??A?$vector@PAD@@QAEAAPADH@Z 00408630 f i console.obj
 0001:00007630       ??A?$vector@PAUdynent@@@@QAEAAPAUdynent@@H@Z 00408630 f i client.obj
 0001:00007630       ??A?$vector@PAUblock@@@@QAEAAPAUblock@@H@Z 00408630 f i editing.obj
 0001:00007630       ??A?$vector@PAUmd2@@@@QAEAAPAUmd2@@H@Z 00408630 f i rendermd2.obj
 0001:00007630       ??A?$vector@PAUMix_Chunk@@@@QAEAAPAUMix_Chunk@@H@Z 00408630 f i sound.obj
 0001:00007630       ??A?$vector@H@@QAEAAHH@Z   00408630 f i client.obj
 0001:00007650       ??_G?$vector@H@@QAEPAXI@Z  00408650 f i client.obj
 0001:00007680       ?realloc@?$vector@U?$vector@H@@@@QAEXXZ 00408680 f i client.obj
 0001:000076d0       ??1?$vector@PAD@@QAE@XZ    004086d0 f i serverbrowser.obj
 0001:000076d0       ??1?$vector@PAUmd2@@@@QAE@XZ 004086d0 f i rendermd2.obj
 0001:000076d0       ??1?$vector@PAUMix_Chunk@@@@QAE@XZ 004086d0 f i sound.obj
 0001:000076d0       ??1?$vector@PAUdynent@@@@QAE@XZ 004086d0 f i clientgame.obj
 0001:000076d0       ??1?$vector@H@@QAE@XZ      004086d0 f i client.obj
 0001:000076d0       ??1?$vector@PAUblock@@@@QAE@XZ 004086d0 f i editing.obj
 0001:00007700       ??3@YAXPAX0@Z              00408700 f i client.obj
 0001:00007710       ??0?$vector@U?$vector@H@@@@QAE@XZ 00408710 f i client.obj
 0001:00007760       ??1?$vector@U?$vector@H@@@@QAE@XZ 00408760 f i client.obj
 0001:00007790       ?renderclient@@YAXPAUdynent@@_NPAD1M@Z 00408790 f   clientextras.obj
 0001:00007a30       ?renderclients@@YAXXZ      00408a30 f   clientextras.obj
 0001:00007b00       ?showscores@@YAX_N@Z       00408b00 f   clientextras.obj
 0001:00007b20       ?renderscore@@YAXPAUdynent@@@Z 00408b20 f   clientextras.obj
 0001:00007c50       ?addteamscore@@YAXPAUdynent@@@Z 00408c50 f   clientextras.obj
 0001:00007d10       ?renderscores@@YAXXZ       00408d10 f   clientextras.obj
 0001:00007f00       ?sendmap@@YAXPAD@Z         00408f00 f   clientextras.obj
 0001:000080e0       ?getmap@@YAXXZ             004090e0 f   clientextras.obj
 0001:00008160       ?add@?$vector@Usline@@@@QAEAAUsline@@XZ 00409160 f i clientextras.obj
 0001:000081d0       ?last@?$vector@Usline@@@@QAEAAUsline@@XZ 004091d0 f i clientextras.obj
 0001:000081f0       ?realloc@?$vector@Usline@@@@QAEXXZ 004091f0 f i clientextras.obj
 0001:00008250       ?strcat_s@@YAXPADPBD@Z     00409250 f i clientextras.obj
 0001:00008290       ??0?$vector@Usline@@@@QAE@XZ 00409290 f i clientextras.obj
 0001:000082e0       ??1?$vector@Usline@@@@QAE@XZ 004092e0 f i clientextras.obj
 0001:00008320       ?mode@@YAXH@Z              00409320 f   clientgame.obj
 0001:00008350       ?getclientmap@@YAPADXZ     00409350 f   clientgame.obj
 0001:00008360       ?resetmovement@@YAXPAUdynent@@@Z 00409360 f   clientgame.obj
 0001:000083a0       ?spawnstate@@YAXPAUdynent@@@Z 004093a0 f   clientgame.obj
 0001:000085b0       ?newdynent@@YAPAUdynent@@XZ 004095b0 f   clientgame.obj
 0001:000086d0       ?respawnself@@YAXXZ        004096d0 f   clientgame.obj
 0001:000086f0       ?arenacount@@YAXPAUdynent@@AAH1AAPADAA_N@Z 004096f0 f   clientgame.obj
 0001:00008760       ?arenarespawn@@YAXXZ       00409760 f   clientgame.obj
 0001:000088f0       ?zapdynent@@YAXAAPAUdynent@@@Z 004098f0 f   clientgame.obj
 0001:00008920       ?otherplayers@@YAXXZ       00409920 f   clientgame.obj
 0001:00008a20       ?respawn@@YAXXZ            00409a20 f   clientgame.obj
 0001:00008a80       ?sleepf@@YAXPAD0@Z         00409a80 f   clientgame.obj
 0001:00008ab0       ?updateworld@@YAXH@Z       00409ab0 f   clientgame.obj
 0001:00008c40       ?entinmap@@YAXPAUdynent@@@Z 00409c40 f   clientgame.obj
 0001:00008d30       ?spawnplayer@@YAXPAUdynent@@@Z 00409d30 f   clientgame.obj
 0001:00008ea0       ?backward@@YAX_N@Z         00409ea0 f   clientgame.obj
 0001:00008f00       ?forward@@YAX_N@Z          00409f00 f   clientgame.obj
 0001:00008f60       ?left@@YAX_N@Z             00409f60 f   clientgame.obj
 0001:00008fc0       ?right@@YAX_N@Z            00409fc0 f   clientgame.obj
 0001:00009020       ?attack@@YAX_N@Z           0040a020 f   clientgame.obj
 0001:00009070       ?jumpn@@YAX_N@Z            0040a070 f   clientgame.obj
 0001:000090a0       ?fixplayer1range@@YAXXZ    0040a0a0 f   clientgame.obj
 0001:00009160       ?mousemove@@YAXHH@Z        0040a160 f   clientgame.obj
 0001:000091f0       ?selfdamage@@YAXHHPAUdynent@@@Z 0040a1f0 f   clientgame.obj
 0001:000094e0       ?timeupdate@@YAXH@Z        0040a4e0 f   clientgame.obj
 0001:00009540       ?getclient@@YAPAUdynent@@H@Z 0040a540 f   clientgame.obj
 0001:000095e0       ?initclient@@YAXXZ         0040a5e0 f   clientgame.obj
 0001:00009600       ?startmap@@YAXPAD@Z        0040a600 f   clientgame.obj
 0001:00009760       ?add@?$vector@H@@QAEAAHABH@Z 0040a760 f i client.obj
 0001:00009760       ?add@?$vector@PAUmd2@@@@QAEAAPAUmd2@@ABQAU2@@Z 0040a760 f i rendermd2.obj
 0001:00009760       ?add@?$vector@PAUblock@@@@QAEAAPAUblock@@ABQAU2@@Z 0040a760 f i editing.obj
 0001:00009760       ?add@?$vector@PAUMix_Chunk@@@@QAEAAPAUMix_Chunk@@ABQAU2@@Z 0040a760 f i sound.obj
 0001:00009760       ?add@?$vector@PAUdynent@@@@QAEAAPAUdynent@@ABQAU2@@Z 0040a760 f i clientgame.obj
 0001:00009760       ?add@?$vector@PAD@@QAEAAPADABQAD@Z 0040a760 f i serverbrowser.obj
 0001:000097f0       ?neterr@@YAXPAD@Z          0040a7f0 f   clients2c.obj
 0001:00009820       ?changemapserv@@YAXPADH@Z  0040a820 f   clients2c.obj
 0001:00009840       ?changemap@@YAXPAD@Z       0040a840 f   clients2c.obj
 0001:00009860       ?updatepos@@YAXPAUdynent@@@Z 0040a860 f   clients2c.obj
 0001:000099f0       ?localservertoclient@@YAXPAEH@Z 0040a9f0 f   clients2c.obj
 0001:0000acc0       ?fabs@@YAMM@Z              0040bcc0 f i clients2c.obj
 0001:0000ace0       _fabsf                     0040bce0 f i clients2c.obj
 0001:0000ad00       ?add@?$vector@Uentity@@@@QAEAAUentity@@XZ 0040bd00 f i clients2c.obj
 0001:0000ad70       ?realloc@?$vector@Uentity@@@@QAEXXZ 0040bd70 f i clients2c.obj
 0001:0000adc0       ??0?$arg@$08@boost@@QAE@XZ 0040bdc0 f i clients2c.obj
 0001:0000adc0       ??0?$arg@$03@boost@@QAE@XZ 0040bdc0 f i clients2c.obj
 0001:0000adc0       ??0?$arg@$02@boost@@QAE@XZ 0040bdc0 f i clients2c.obj
 0001:0000adc0       ??0?$arg@$00@boost@@QAE@XZ 0040bdc0 f i clients2c.obj
 0001:0000adc0       ??0?$arg@$05@boost@@QAE@XZ 0040bdc0 f i clients2c.obj
 0001:0000adc0       ??0?$arg@$06@boost@@QAE@XZ 0040bdc0 f i clients2c.obj
 0001:0000adc0       ??0?$arg@$07@boost@@QAE@XZ 0040bdc0 f i clients2c.obj
 0001:0000adc0       ??0?$arg@$04@boost@@QAE@XZ 0040bdc0 f i clients2c.obj
 0001:0000adc0       ??0?$arg@$01@boost@@QAE@XZ 0040bdc0 f i clients2c.obj
 0001:0000add0       ?restoreserverstate@@YAXAAU?$vector@Uentity@@@@@Z 0040bdd0 f   server.obj
 0001:0000ae40       ?send@@YAXHPAU_ENetPacket@@@Z 0040be40 f   server.obj
 0001:0000aec0       ?send2@@YAX_NHHH@Z         0040bec0 f   server.obj
 0001:0000af80       ?sendservmsg@@YAXPAD@Z     0040bf80 f   server.obj
 0001:0000b020       ?disconnect_client@@YAXHPAD@Z 0040c020 f   server.obj
 0001:0000b090       ?resetitems@@YAXXZ         0040c090 f   server.obj
 0001:0000b0b0       ?pickup@@YAXIHH@Z          0040c0b0 f   server.obj
 0001:0000b120       ?resetvotes@@YAXXZ         0040c120 f   server.obj
 0001:0000b170       ?vote@@YA_NPADHH@Z         0040c170 f   server.obj
 0001:0000b350       ?process@@YAXPAU_ENetPacket@@H@Z 0040c350 f   server.obj
 0001:0000b970       ?send_welcome@@YAXH@Z      0040c970 f   server.obj
 0001:0000bb00       ?multicast@@YAXPAU_ENetPacket@@H@Z 0040cb00 f   server.obj
 0001:0000bb50       ?localclienttoserver@@YAXPAU_ENetPacket@@@Z 0040cb50 f   server.obj
 0001:0000bb80       ?addclient@@YAAAUclient@@XZ 0040cb80 f   server.obj
 0001:0000bbe0       ?checkintermission@@YAXXZ  0040cbe0 f   server.obj
 0001:0000bc40       ?startintermission@@YAXXZ  0040cc40 f   server.obj
 0001:0000bc60       ?resetserverifempty@@YAXXZ 0040cc60 f   server.obj
 0001:0000bd00       ?serverslice@@YAXHI@Z      0040cd00 f   server.obj
 0001:0000c210       ?cleanupserver@@YAXXZ      0040d210 f   server.obj
 0001:0000c230       ?localdisconnect@@YAXXZ    0040d230 f   server.obj
 0001:0000c290       ?localconnect@@YAXXZ       0040d290 f   server.obj
 0001:0000c2f0       ?initserver@@YAX_NHPAD111H@Z 0040d2f0 f   server.obj
 0001:0000c480       ?add@?$vector@Uclient@@@@QAEAAUclient@@XZ 0040d480 f i server.obj
 0001:0000c4f0       ??A?$vector@Uclient@@@@QAEAAUclient@@H@Z 0040d4f0 f i server.obj
 0001:0000c510       ?add@?$vector@Ucline@@@@QAEAAUcline@@ABU2@@Z 0040d510 f i console.obj
 0001:0000c510       ?add@?$vector@Userver_entity@@@@QAEAAUserver_entity@@ABU2@@Z 0040d510 f i server.obj
 0001:0000c5a0       ?realloc@?$vector@Uclient@@@@QAEXXZ 0040d5a0 f i server.obj
 0001:0000c600       ?realloc@?$vector@Ucline@@@@QAEXXZ 0040d600 f i console.obj
 0001:0000c600       ?realloc@?$vector@Umitem@@@@QAEXXZ 0040d600 f i menus.obj
 0001:0000c600       ?realloc@?$vector@Userver_entity@@@@QAEXXZ 0040d600 f i server.obj
 0001:0000c650       ??0?$vector@Uclient@@@@QAE@XZ 0040d650 f i server.obj
 0001:0000c6a0       ??1?$vector@Uclient@@@@QAE@XZ 0040d6a0 f i server.obj
 0001:0000c6e0       ?resolverloop@@YAHPAX@Z    0040d6e0 f   serverbrowser.obj
 0001:0000c7e0       ?resolverinit@@YAXHH@Z     0040d7e0 f   serverbrowser.obj
 0001:0000c860       ?resolverstop@@YAXAAUresolverthread@@_N@Z 0040d860 f   serverbrowser.obj
 0001:0000c8d0       ?resolverclear@@YAXXZ      0040d8d0 f   serverbrowser.obj
 0001:0000c970       ?resolverquery@@YAXPAD@Z   0040d970 f   serverbrowser.obj
 0001:0000c9b0       ?resolvercheck@@YA_NPAPADPAU_ENetAddress@@@Z 0040d9b0 f   serverbrowser.obj
 0001:0000cab0       ?getservername@@YAPADH@Z   0040dab0 f   serverbrowser.obj
 0001:0000cad0       ?addserver@@YAXPAD@Z       0040dad0 f   serverbrowser.obj
 0001:0000cc30       ?pingservers@@YAXXZ        0040dc30 f   serverbrowser.obj
 0001:0000cd20       ?checkresolver@@YAXXZ      0040dd20 f   serverbrowser.obj
 0001:0000cdd0       ?checkpings@@YAXXZ         0040ddd0 f   serverbrowser.obj
 0001:0000d040       ?sicompare@@YAHPBUserverinfo@@0@Z 0040e040 f   serverbrowser.obj
 0001:0000d0a0       ?refreshservers@@YAXXZ     0040e0a0 f   serverbrowser.obj
 0001:0000d270       ?servermenu@@YAXXZ         0040e270 f   serverbrowser.obj
 0001:0000d300       ?updatefrommaster@@YAXXZ   0040e300 f   serverbrowser.obj
 0001:0000d3b0       ?writeservercfg@@YAXXZ     0040e3b0 f   serverbrowser.obj
 0001:0000d440       ?add@?$vector@Ustrip@@@@QAEAAUstrip@@XZ 0040e440 f i rendergl.obj
 0001:0000d440       ?add@?$vector@Uresolverresult@@@@QAEAAUresolverresult@@XZ 0040e440 f i serverbrowser.obj
 0001:0000d440       ?add@?$vector@Uresolverthread@@@@QAEAAUresolverthread@@XZ 0040e440 f i serverbrowser.obj
 0001:0000d4b0       ??A?$vector@Uresolverthread@@@@QAEAAUresolverthread@@H@Z 0040e4b0 f i serverbrowser.obj
 0001:0000d4b0       ??A?$vector@Ustrip@@@@QAEAAUstrip@@H@Z 0040e4b0 f i rendergl.obj
 0001:0000d4d0       ?empty@?$vector@PAD@@QAE_NXZ 0040e4d0 f i serverbrowser.obj
 0001:0000d4d0       ?empty@?$vector@H@@QAE_NXZ 0040e4d0 f i menus.obj
 0001:0000d4d0       ?empty@?$vector@PAUblock@@@@QAE_NXZ 0040e4d0 f i editing.obj
 0001:0000d4d0       ?empty@?$vector@PAUdynent@@@@QAE_NXZ 0040e4d0 f i savegamedemo.obj
 0001:0000d4d0       ?empty@?$vector@Uresolverresult@@@@QAE_NXZ 0040e4d0 f i serverbrowser.obj
 0001:0000d4f0       ?pop@?$vector@Uresolverresult@@@@QAEAAUresolverresult@@XZ 0040e4f0 f i serverbrowser.obj
 0001:0000d520       ??A?$vector@Userverinfo@@@@QAEAAUserverinfo@@H@Z 0040e520 f i serverbrowser.obj
 0001:0000d540       ?sort@?$vector@Userverinfo@@@@QAEXPAX@Z 0040e540 f i serverbrowser.obj
 0001:0000d570       ?insert@?$vector@Userverinfo@@@@QAEAAUserverinfo@@HABU2@@Z 0040e570 f i serverbrowser.obj
 0001:0000d660       ?realloc@?$vector@PAD@@QAEXXZ 0040e660 f i serverbrowser.obj
 0001:0000d660       ?realloc@?$vector@PAUMix_Chunk@@@@QAEXXZ 0040e660 f i sound.obj
 0001:0000d660       ?realloc@?$vector@H@@QAEXXZ 0040e660 f i client.obj
 0001:0000d660       ?realloc@?$vector@PAUdynent@@@@QAEXXZ 0040e660 f i clientgame.obj
 0001:0000d660       ?realloc@?$vector@PAUblock@@@@QAEXXZ 0040e660 f i editing.obj
 0001:0000d660       ?realloc@?$vector@PAUmd2@@@@QAEXXZ 0040e660 f i rendermd2.obj
 0001:0000d6b0       ?realloc@?$vector@Ustrip@@@@QAEXXZ 0040e6b0 f i rendergl.obj
 0001:0000d6b0       ?realloc@?$vector@Uresolverresult@@@@QAEXXZ 0040e6b0 f i serverbrowser.obj
 0001:0000d6b0       ?realloc@?$vector@Uresolverthread@@@@QAEXXZ 0040e6b0 f i serverbrowser.obj
 0001:0000d700       ?add@?$vector@Userverinfo@@@@QAEAAUserverinfo@@ABU2@@Z 0040e700 f i serverbrowser.obj
 0001:0000d7a0       ?realloc@?$vector@Userverinfo@@@@QAEXXZ 0040e7a0 f i serverbrowser.obj
 0001:0000d800       ??0?$vector@Uresolverthread@@@@QAE@XZ 0040e800 f i serverbrowser.obj
 0001:0000d800       ??0?$vector@Ustrip@@@@QAE@XZ 0040e800 f i rendergl.obj
 0001:0000d800       ??0?$vector@Uresolverresult@@@@QAE@XZ 0040e800 f i serverbrowser.obj
 0001:0000d850       ??0?$vector@Userverinfo@@@@QAE@XZ 0040e850 f i serverbrowser.obj
 0001:0000d8a0       ??1?$vector@Userverinfo@@@@QAE@XZ 0040e8a0 f i serverbrowser.obj
 0001:0000d8e0       ?httpgetsend@@YAXAAU_ENetAddress@@PAD111@Z 0040e8e0 f   serverms.obj
 0001:0000da20       ?httpgetrecieve@@YAXAAUENetBuffer@@@Z 0040ea20 f   serverms.obj
 0001:0000dac0       ?stripheader@@YAPAEPAE@Z   0040eac0 f   serverms.obj
 0001:0000db10       ?updatemasterserver@@YAXH@Z 0040eb10 f   serverms.obj
 0001:0000dbb0       ?checkmasterreply@@YAXXZ   0040ebb0 f   serverms.obj
 0001:0000dc00       ?retrieveservers@@YAPAEPAEH@Z 0040ec00 f   serverms.obj
 0001:0000dcb0       ?serverms@@YAXHHHPADH_N@Z  0040ecb0 f   serverms.obj
 0001:0000de40       ?servermsinit@@YAXPBDPAD_N@Z 0040ee40 f   serverms.obj
 0001:0000def0       ?putint@@YAXAAPAEH@Z       0040eef0 f   serverutil.obj
 0001:0000e000       ?getint@@YAHAAPAE@Z        0040f000 f   serverutil.obj
 0001:0000e0f0       ?sendstring@@YAXPADAAPAE@Z 0040f0f0 f   serverutil.obj
 0001:0000e140       ?modestr@@YAPBDH@Z         0040f140 f   serverutil.obj
 0001:0000e170       ?msgsizelookup@@YADH@Z     0040f170 f   serverutil.obj
 0001:0000e1b0       ?sendmaps@@YAXHQADHPAE@Z   0040f1b0 f   serverutil.obj
 0001:0000e220       ?recvmap@@YAPAU_ENetPacket@@H@Z 0040f220 f   serverutil.obj
 0001:0000e2f0       _enet_initialize_with_callbacks 0040f2f0 f   callbacks.obj
 0001:0000e360       _enet_malloc               0040f360 f   callbacks.obj
 0001:0000e390       _enet_free                 0040f390 f   callbacks.obj
 0001:0000e3b0       _enet_rand                 0040f3b0 f   callbacks.obj
 0001:0000e3c0       _enet_host_create          0040f3c0 f   host.obj
 0001:0000e5b0       _enet_host_destroy         0040f5b0 f   host.obj
 0001:0000e620       _enet_host_connect         0040f620 f   host.obj
 0001:0000e890       _enet_host_broadcast       0040f890 f   host.obj
 0001:0000e900       _enet_host_bandwidth_limit 0040f900 f   host.obj
 0001:0000e930       _enet_host_bandwidth_throttle 0040f930 f   host.obj
 0001:0000ed90       _enet_list_clear           0040fd90 f   list.obj
 0001:0000edb0       _enet_list_insert          0040fdb0 f   list.obj
 0001:0000edf0       _enet_list_remove          0040fdf0 f   list.obj
 0001:0000ee20       _enet_list_size            0040fe20 f   list.obj
 0001:0000ee60       _enet_packet_create        0040fe60 f   packet.obj
 0001:0000eed0       _enet_packet_destroy       0040fed0 f   packet.obj
 0001:0000eef0       _enet_packet_resize        0040fef0 f   packet.obj
 0001:0000ef60       _enet_peer_throttle_configure 0040ff60 f   peer.obj
 0001:0000eff0       _enet_peer_throttle        0040fff0 f   peer.obj
 0001:0000f0b0       _enet_peer_send            004100b0 f   peer.obj
 0001:0000f2b0       _enet_peer_receive         004102b0 f   peer.obj
 0001:0000f490       _enet_peer_reset_queues    00410490 f   peer.obj
 0001:0000f6a0       _enet_peer_reset           004106a0 f   peer.obj
 0001:0000f880       _enet_peer_ping            00410880 f   peer.obj
 0001:0000f8e0       _enet_peer_disconnect_now  004108e0 f   peer.obj
 0001:0000f970       _enet_peer_disconnect      00410970 f   peer.obj
 0001:0000fa20       _enet_peer_queue_acknowledgement 00410a20 f   peer.obj
 0001:0000fa80       _enet_peer_queue_outgoing_command 00410a80 f   peer.obj
 0001:0000fc50       _enet_peer_queue_incoming_command 00410c50 f   peer.obj
 0001:0000fe70       _enet_host_flush           00410e70 f   protocol.obj
 0001:00010bb0       _enet_host_service         00411bb0 f   protocol.obj
 0001:00012380       _enet_initialize           00413380 f   win32.obj
 0001:00012410       _enet_deinitialize         00413410 f   win32.obj
 0001:00012430       _enet_time_get             00413430 f   win32.obj
 0001:00012450       _enet_time_set             00413450 f   win32.obj
 0001:00012470       _enet_address_set_host     00413470 f   win32.obj
 0001:000124b0       _enet_address_get_host     004134b0 f   win32.obj
 0001:00012500       _enet_socket_create        00413500 f   win32.obj
 0001:00012640       _enet_socket_connect       00413640 f   win32.obj
 0001:000126b0       _enet_socket_accept        004136b0 f   win32.obj
 0001:00012730       _enet_socket_destroy       00413730 f   win32.obj
 0001:00012740       _enet_socket_send          00413740 f   win32.obj
 0001:000127e0       _enet_socket_receive       004137e0 f   win32.obj
 0001:000128b0       _enet_socket_wait          004138b0 f   win32.obj
 0001:00012aa0       ?toggleedit@@YAXXZ         00413aa0 f   editing.obj
 0001:00012b50       ?correctsel@@YAXXZ         00413b50 f   editing.obj
 0001:00012c10       ?noteditmode@@YA_NXZ       00413c10 f   editing.obj
 0001:00012c40       ?noselection@@YA_NXZ       00413c40 f   editing.obj
 0001:00012c70       ?selectpos@@YAXHHHH@Z      00413c70 f   editing.obj
 0001:00012ce0       ?makesel@@YAXXZ            00413ce0 f   editing.obj
 0001:00012e20       ?sheight@@YAMPAUsqr@@0M@Z  00413e20 f   editing.obj
 0001:00012ed0       ?cursorupdate@@YAXXZ       00413ed0 f   editing.obj
 0001:00013540       ?pruneundos@@YAXH@Z        00414540 f   editing.obj
 0001:000135d0       ?makeundo@@YAXXZ           004145d0 f   editing.obj
 0001:00013610       ?editundo@@YAXXZ           00414610 f   editing.obj
 0001:00013680       ?copy@@YAXXZ               00414680 f   editing.obj
 0001:000136e0       ?paste@@YAXXZ              004146e0 f   editing.obj
 0001:000137b0       ?tofronttex@@YAXXZ         004147b0 f   editing.obj
 0001:00013850       ?editdrag@@YAX_N@Z         00414850 f   editing.obj
 0001:000138a0       ?editheightxy@@YAX_NHAAUblock@@@Z 004148a0 f   editing.obj
 0001:000139a0       ?editheight@@YAXHH@Z       004149a0 f   editing.obj
 0001:00013a20       ?edittexxy@@YAXHHAAUblock@@@Z 00414a20 f   editing.obj
 0001:00013b00       ?edittex@@YAXHH@Z          00414b00 f   editing.obj
 0001:00013c40       ?replace@@YAXXZ            00414c40 f   editing.obj
 0001:00013dd0       ?edittypexy@@YAXHAAUblock@@@Z 00414dd0 f   editing.obj
 0001:00013e60       ?edittype@@YAXH@Z          00414e60 f   editing.obj
 0001:00013f30       ?heightfield@@YAXH@Z       00414f30 f   editing.obj
 0001:00013f50       ?solid@@YAXH@Z             00414f50 f   editing.obj
 0001:00013f70       ?corner@@YAXXZ             00414f70 f   editing.obj
 0001:00013f80       ?editequalisexy@@YAX_NAAUblock@@@Z 00414f80 f   editing.obj
 0001:00014100       ?equalize@@YAXH@Z          00415100 f   editing.obj
 0001:00014170       ?setvdeltaxy@@YAXHAAUblock@@@Z 00415170 f   editing.obj
 0001:00014230       ?setvdelta@@YAXH@Z         00415230 f   editing.obj
 0001:00014290       ?archvertex@@YAXHHH@Z      00415290 f   editing.obj
 0001:00014330       ?arch@@YAXHH@Z             00415330 f   editing.obj
 0001:000144e0       ?slope@@YAXHH@Z            004154e0 f   editing.obj
 0001:00014610       ?perlin@@YAXHHH@Z          00415610 f   editing.obj
 0001:000146e0       ?var_fullbright@@YAXXZ     004156e0 f   editing.obj
 0001:00014750       ?edittag@@YAXH@Z           00415750 f   editing.obj
 0001:00014810       ?newent@@YAXPAD0000@Z      00415810 f   editing.obj
 0001:000148a0       ?pop@?$vector@H@@QAEAAHXZ  004158a0 f i menus.obj
 0001:000148a0       ?pop@?$vector@PAUblock@@@@QAEAAPAUblock@@XZ 004158a0 f i editing.obj
 0001:000148a0       ?pop@?$vector@PAD@@QAEAAPADXZ 004158a0 f i serverbrowser.obj
 0001:000148d0       ?length@?$vector@Uresolverthread@@@@QAEHXZ 004158d0 f i serverbrowser.obj
 0001:000148d0       ?length@?$vector@Userver_entity@@@@QAEHXZ 004158d0 f i server.obj
 0001:000148d0       ?length@?$vector@Userverinfo@@@@QAEHXZ 004158d0 f i serverbrowser.obj
 0001:000148d0       ?length@?$vector@Ugmenu@@@@QAEHXZ 004158d0 f i menus.obj
 0001:000148d0       ?length@?$vector@Usline@@@@QAEHXZ 004158d0 f i clientextras.obj
 0001:000148d0       ?length@?$vector@PAUmd2@@@@QAEHXZ 004158d0 f i rendermd2.obj
 0001:000148d0       ?length@?$vector@Ustrip@@@@QAEHXZ 004158d0 f i rendergl.obj
 0001:000148d0       ?length@?$vector@U?$vector@H@@@@QAEHXZ 004158d0 f i client.obj
 0001:000148d0       ?length@?$vector@PAUMix_Chunk@@@@QAEHXZ 004158d0 f i sound.obj
 0001:000148d0       ?length@?$vector@PAUblock@@@@QAEHXZ 004158d0 f i editing.obj
 0001:000148d0       ?length@?$vector@Umitem@@@@QAEHXZ 004158d0 f i menus.obj
 0001:000148d0       ?length@?$vector@Ucline@@@@QAEHXZ 004158d0 f i console.obj
 0001:000148d0       ?length@?$vector@Uclient@@@@QAEHXZ 004158d0 f i server.obj
 0001:000148d0       ?length@?$vector@Uentity@@@@QAEHXZ 004158d0 f i renderextras.obj
 0001:000148d0       ?length@?$vector@PAUdynent@@@@QAEHXZ 004158d0 f i client.obj
 0001:000148d0       ?length@?$vector@PAD@@QAEHXZ 004158d0 f i console.obj
 0001:000148f0       ?remove@?$vector@PAUdynent@@@@QAEPAUdynent@@H@Z 004158f0 f i savegamedemo.obj
 0001:000148f0       ?remove@?$vector@PAUblock@@@@QAEPAUblock@@H@Z 004158f0 f i editing.obj
 0001:00014960       ?noise@@YAMHHH@Z           00415960 f   rndmap.obj
 0001:000149c0       ?smoothednoise@@YAMHHH@Z   004159c0 f   rndmap.obj
 0001:00014af0       ?interpolate@@YAMMMM@Z     00415af0 f   rndmap.obj
 0001:00014b40       ?interpolatednoise@@YAMMMH@Z 00415b40 f   rndmap.obj
 0001:00014c40       ?perlinnoise_2D@@YAMMMHM@Z 00415c40 f   rndmap.obj
 0001:00014ce0       ?perlinarea@@YAXAAUblock@@HHH@Z 00415ce0 f   rndmap.obj
 0001:00014e20       ?cos@@YAMM@Z               00415e20 f i rndmap.obj
 0001:00014e40       _cosf                      00415e40 f i rndmap.obj
 0001:00014e60       ?pow@@YAMMH@Z              00415e60 f i rndmap.obj
 0001:00014e80       ??$_Pow_int@M@@YAMMH@Z     00415e80 f i rndmap.obj
 0001:00014ef0       ?settag@@YAXHH@Z           00415ef0 f   world.obj
 0001:00015040       ?resettagareas@@YAXXZ      00416040 f   world.obj
 0001:00015060       ?settagareas@@YAXXZ        00416060 f   world.obj
 0001:000150d0       ?trigger@@YAXHH_N@Z        004160d0 f   world.obj
 0001:00015190       ?remip@@YAXAAUblock@@H@Z   00416190 f   world.obj
 0001:00015840       ?remipmore@@YAXAAUblock@@H@Z 00416840 f   world.obj
 0001:000158e0       ?closestent@@YAHXZ         004168e0 f   world.obj
 0001:00015a50       ?entproperty@@YAXHH@Z      00416a50 f   world.obj
 0001:00015b30       ?delent@@YAXXZ             00416b30 f   world.obj
 0001:00015bd0       ?findtype@@YAHPAD@Z        00416bd0 f   world.obj
 0001:00015c30       ?newentity@@YAPAUentity@@HHHPADHHHH@Z 00416c30 f   world.obj
 0001:00015da0       ?clearents@@YAXPAD@Z       00416da0 f   world.obj
 0001:00015e30       ?scalecomp@@YAXAAEH@Z      00416e30 f   world.obj
 0001:00015e70       ?scalelights@@YAXHH@Z      00416e70 f   world.obj
 0001:00015f60       ?findentity@@YAHHH@Z       00416f60 f   world.obj
 0001:00015ff0       ?setupworld@@YAXH@Z        00416ff0 f   world.obj
 0001:000160a0       ?empty_world@@YAXH_N@Z     004170a0 f   world.obj
 0001:00016480       ?mapenlarge@@YAXXZ         00417480 f   world.obj
 0001:000164a0       ?newmap@@YAXH@Z            004174a0 f   world.obj
 0001:000164c0       ?add@?$vector@Uentity@@@@QAEAAUentity@@ABU2@@Z 004174c0 f i world.obj
 0001:00016560       ?last@?$vector@Uentity@@@@QAEAAUentity@@XZ 00417560 f i world.obj
 0001:00016580       ?backup@@YAXPAD0@Z         00417580 f   worldio.obj
 0001:000165b0       ?setnames@@YAXPAD@Z        004175b0 f   worldio.obj
 0001:00016720       ?voptimize@@YAXXZ          00417720 f   worldio.obj
 0001:00016850       ?topt@@YAXPAUsqr@@AA_N1AAH2@Z 00417850 f   worldio.obj
 0001:00016980       ?toptimize@@YAXXZ          00417980 f   worldio.obj
 0001:00016b00       ?writemap@@YAXPADHPAE@Z    00417b00 f   worldio.obj
 0001:00016b90       ?readmap@@YAPAEPADPAH@Z    00417b90 f   worldio.obj
 0001:00016be0       ?save_world@@YAXPAD@Z      00417be0 f   worldio.obj
 0001:00017200       ?load_world@@YAXPAD@Z      00418200 f   worldio.obj
 0001:000179e0       ?nhf@@YA_NPAUsqr@@@Z       004189e0 f i worldio.obj
 0001:00017a20       ?strpbrk@@YAPADPADPBD@Z    00418a20 f i worldio.obj
 0001:00017a40       ?lightray@@YAXMMAAUpersistent_entity@@@Z 00418a40 f   worldlight.obj
 0001:00018090       ?calclightsource@@YAXAAUpersistent_entity@@@Z 00419090 f   worldlight.obj
 0001:000181d0       ?postlightarea@@YAXAAUblock@@@Z 004191d0 f   worldlight.obj
 0001:000184e0       ?calclight@@YAXXZ          004194e0 f   worldlight.obj
 0001:00018600       ?cleardlights@@YAXXZ       00419600 f   worldlight.obj
 0001:00018650       ?dodynlight@@YAXAAUvec@@0HHPAUdynent@@@Z 00419650 f   worldlight.obj
 0001:00018810       ?blockcopy@@YAPAUblock@@AAU1@@Z 00419810 f   worldlight.obj
 0001:000188f0       ?blockpaste@@YAXAAUblock@@@Z 004198f0 f   worldlight.obj
 0001:000189a0       ?fast_f2nat@@YAHM@Z        004199a0 f i worldlight.obj
 0001:000189c0       ?toggleocull@@YAXXZ        004199c0 f   worldocull.obj
 0001:000189e0       ?computeraytable@@YAXMM@Z  004199e0 f   worldocull.obj
 0001:00018da0       ?isoccluded@@YAHMMMMM@Z    00419da0 f   worldocull.obj
 0001:00019390       ?ca@@YAMMM@Z               0041a390 f i worldocull.obj
 0001:000193d0       ?ma@@YAMMM@Z               0041a3d0 f i worldocull.obj
 0001:00019430       ?render_wall@@YAXPAUsqr@@0HHHHH00_N@Z 0041a430 f   worldrender.obj
 0001:00019850       ?issemi@@YA_NHHHHHHH@Z     0041a850 f   worldrender.obj
 0001:00019980       ?render_seg_new@@YAXMMMHHHHH@Z 0041a980 f   worldrender.obj
 0001:0001aa00       ?distlod@@YAXAAH0HM@Z      0041ba00 f   worldrender.obj
 0001:0001aa80       ?render_world@@YAXMMMHHMHH@Z 0041ba80 f   worldrender.obj
 0001:0001ad70       ?renderent@@YAXAAUentity@@PADMMHHHM@Z 0041bd70 f   entities.obj
 0001:0001ae20       ?renderentities@@YAXXZ     0041be20 f   entities.obj
 0001:0001b2d0       ?baseammo@@YAXH@Z          0041c2d0 f   entities.obj
 0001:0001b300       ?radditem@@YAXHAAH@Z       0041c300 f   entities.obj
 0001:0001b380       ?realpickup@@YAXHPAUdynent@@@Z 0041c380 f   entities.obj
 0001:0001b4e0       ?additem@@YAXHAAHH@Z       0041c4e0 f   entities.obj
 0001:0001b550       ?teleport@@YAXHPAUdynent@@@Z 0041c550 f   entities.obj
 0001:0001b690       ?pickup@@YAXHPAUdynent@@@Z 0041c690 f   entities.obj
 0001:0001ba10       ?checkitems@@YAXXZ         0041ca10 f   entities.obj
 0001:0001bc00       ?checkquad@@YAXH@Z         0041cc00 f   entities.obj
 0001:0001bc60       ?putitems@@YAXAAPAE@Z      0041cc60 f   entities.obj
 0001:0001bd00       ?resetspawns@@YAXXZ        0041cd00 f   entities.obj
 0001:0001bd50       ?setspawn@@YAXI_N@Z        0041cd50 f   entities.obj
 0001:0001bd80       ??0?$vector@Uentity@@@@QAE@XZ 0041cd80 f i entities.obj
 0001:0001bdd0       ??1?$vector@Uentity@@@@QAE@XZ 0041cdd0 f i entities.obj
 0001:0001be00       ?var_skill@@YAXXZ          0041ce00 f   monster.obj
 0001:0001be20       ?getmonsters@@YAAAU?$vector@PAUdynent@@@@XZ 0041ce20 f   monster.obj
 0001:0001be30       ?restoremonsterstate@@YAXXZ 0041ce30 f   monster.obj
 0001:0001be90       ?basicmonster@@YAPAUdynent@@HHHHH@Z 0041ce90 f   monster.obj
 0001:0001c070       ?spawnmonster@@YAXXZ       0041d070 f   monster.obj
 0001:0001c0e0       ?monsterclear@@YAXXZ       0041d0e0 f   monster.obj
 0001:0001c2d0       ?los@@YA_NMMMMMMAAUvec@@@Z 0041d2d0 f   monster.obj
 0001:0001c500       ?enemylos@@YA_NPAUdynent@@AAUvec@@@Z 0041d500 f   monster.obj
 0001:0001c580       ?transition@@YAXPAUdynent@@HHHH@Z 0041d580 f   monster.obj
 0001:0001c5f0       ?normalise@@YAXPAUdynent@@M@Z 0041d5f0 f   monster.obj
 0001:0001c650       ?monsteraction@@YAXPAUdynent@@@Z 0041d650 f   monster.obj
 0001:0001cbf0       ?monsterpain@@YAXPAUdynent@@H0@Z 0041dbf0 f   monster.obj
 0001:0001cd90       ?endsp@@YAX_N@Z            0041dd90 f   monster.obj
 0001:0001ce00       ?monsterthink@@YAXXZ       0041de00 f   monster.obj
 0001:0001d180       ?monsterrender@@YAXXZ      0041e180 f   monster.obj
 0001:0001d250       ?atan2@@YAMMM@Z            0041e250 f i monster.obj
 0001:0001d270       _atan2f                    0041e270 f i monster.obj
 0001:0001d2a0       ?plcollide@@YA_NPAUdynent@@0AAM11@Z 0041e2a0 f   physics.obj
 0001:0001d430       ?cornertest@@YA_NHHHHHAAH00@Z 0041e430 f   physics.obj
 0001:0001d540       ?mmcollide@@YAXPAUdynent@@AAM1@Z 0041e540 f   physics.obj
 0001:0001d6d0       ?collide@@YA_NPAUdynent@@_NMM@Z 0041e6d0 f   physics.obj
 0001:0001df00       ?rad@@YAMM@Z               0041ef00 f   physics.obj
 0001:0001df20       ?physicsframe@@YAXXZ       0041ef20 f   physics.obj
 0001:0001df70       ?moveplayer@@YAXPAUdynent@@H_NH@Z 0041ef70 f   physics.obj
 0001:0001e880       ?moveplayer@@YAXPAUdynent@@H_N@Z 0041f880 f   physics.obj
 0001:0001e900       ?gzput@@YAXH@Z             0041f900 f   savegamedemo.obj
 0001:0001e920       ?gzputi@@YAXH@Z            0041f920 f   savegamedemo.obj
 0001:0001e940       ?gzputv@@YAXAAUvec@@@Z     0041f940 f   savegamedemo.obj
 0001:0001e960       ?gzcheck@@YAXHH@Z          0041f960 f   savegamedemo.obj
 0001:0001e980       ?gzget@@YAHXZ              0041f980 f   savegamedemo.obj
 0001:0001e9a0       ?gzgeti@@YAHXZ             0041f9a0 f   savegamedemo.obj
 0001:0001e9d0       ?gzgetv@@YAXAAUvec@@@Z     0041f9d0 f   savegamedemo.obj
 0001:0001ea00       ?stop@@YAXXZ               0041fa00 f   savegamedemo.obj
 0001:0001eaa0       ?stopifrecording@@YAXXZ    0041faa0 f   savegamedemo.obj
 0001:0001eac0       ?savestate@@YAXPAD@Z       0041fac0 f   savegamedemo.obj
 0001:0001ecb0       ?savegame@@YAXPAD@Z        0041fcb0 f   savegamedemo.obj
 0001:0001ed40       ?loadstate@@YAXPAD@Z       0041fd40 f   savegamedemo.obj
 0001:0001ee60       ?loadgame@@YAXPAD@Z        0041fe60 f   savegamedemo.obj
 0001:0001eec0       ?loadgameout@@YAXXZ        0041fec0 f   savegamedemo.obj
 0001:0001eee0       ?loadgamerest@@YAXXZ       0041fee0 f   savegamedemo.obj
 0001:0001f180       ?record@@YAXPAD@Z          00420180 f   savegamedemo.obj
 0001:0001f250       ?demodamage@@YAXHAAUvec@@@Z 00420250 f   savegamedemo.obj
 0001:0001f280       ?demoblend@@YAXH@Z         00420280 f   savegamedemo.obj
 0001:0001f290       ?incomingdemodata@@YAXPAEH_N@Z 00420290 f   savegamedemo.obj
 0001:0001f410       ?demo@@YAXPAD@Z            00420410 f   savegamedemo.obj
 0001:0001f470       ?stopreset@@YAXXZ          00420470 f   savegamedemo.obj
 0001:0001f4f0       ?scaletime@@YAHH@Z         004204f0 f   savegamedemo.obj
 0001:0001f520       ?readdemotime@@YAXXZ       00420520 f   savegamedemo.obj
 0001:0001f570       ?startdemo@@YAXXZ          00420570 f   savegamedemo.obj
 0001:0001f5d0       ?catmulrom@@YAXAAUvec@@000M0@Z 004205d0 f   savegamedemo.obj
 0001:0001f890       ?fixwrap@@YAXPAUdynent@@0@Z 00420890 f   savegamedemo.obj
 0001:0001f8f0       ?demoplaybackstep@@YAXXZ   004208f0 f   savegamedemo.obj
 0001:0001fec0       ?stopn@@YAXXZ              00420ec0 f   savegamedemo.obj
 0001:0001fef0       ?last@?$vector@PAD@@QAEAAPADXZ 00420ef0 f i console.obj
 0001:0001fef0       ?last@?$vector@PAUdynent@@@@QAEAAPAUdynent@@XZ 00420ef0 f i savegamedemo.obj
 0001:0001ff10       ?selectgun@@YAXHHH@Z       00420f10 f   weapon.obj
 0001:00020070       ?reloadtime@@YAHH@Z        00421070 f   weapon.obj
 0001:00020090       ?weapon@@YAXPAD00@Z        00421090 f   weapon.obj
 0001:00020120       ?createrays@@YAXAAUvec@@0@Z 00421120 f   weapon.obj
 0001:000202a0       ?intersect@@YA_NPAUdynent@@AAUvec@@1@Z 004212a0 f   weapon.obj
 0001:00020490       ?playerincrosshair@@YAPADXZ 00421490 f   weapon.obj
 0001:00020520       ?projreset@@YAXXZ          00421520 f   weapon.obj
 0001:00020550       ?newprojectile@@YAXAAUvec@@0M_NPAUdynent@@H@Z 00421550 f   weapon.obj
 0001:000205f0       ?hit@@YAXHHPAUdynent@@0@Z  004215f0 f   weapon.obj
 0001:000206b0       ?radialeffect@@YAXPAUdynent@@AAUvec@@HH0@Z 004216b0 f   weapon.obj
 0001:00020820       ?splash@@YAXPAUprojectile@@AAUvec@@1HHH@Z 00421820 f   weapon.obj
 0001:000209b0       ?moveprojectiles@@YAXM@Z   004219b0 f   weapon.obj
 0001:00020da0       ?shootv@@YAXHAAUvec@@0PAUdynent@@_N@Z 00421da0 f   weapon.obj
 0001:00020ef0       ?hitpush@@YAXHHPAUdynent@@0AAUvec@@1@Z 00421ef0 f   weapon.obj
 0001:00020ff0       ?raydamage@@YAXPAUdynent@@AAUvec@@10H@Z 00421ff0 f   weapon.obj
 0001:00021110       ?shoot@@YAXPAUdynent@@AAUvec@@@Z 00422110 f   weapon.obj
 0001:000215c0       ?projdamage@@YAXPAUdynent@@PAUprojectile@@AAUvec@@HHH@Z 004225c0 f i weapon.obj
 0001:00021630       ?itoa@@YAXPADH@Z           00422630 f   command.obj
 0001:00021660       ?exchangestr@@YAPADPAD0@Z  00422660 f   command.obj
 0001:00021690       ?alias@@YAXPAD0@Z          00422690 f   command.obj
 0001:00021750       ?variable@@YAHPADHHHPAHP6AXXZ_N@Z 00422750 f   command.obj
 0001:00021820       ?setvar@@YAXPADH@Z         00422820 f   command.obj
 0001:00021840       ?getvar@@YAHPAD@Z          00422840 f   command.obj
 0001:00021860       ?identexists@@YA_NPAD@Z    00422860 f   command.obj
 0001:00021880       ?getalias@@YAPADPAD@Z      00422880 f   command.obj
 0001:000218d0       ?addcommand@@YA_NPADP6AXXZH@Z 004228d0 f   command.obj
 0001:000219a0       ?parseexp@@YAPADAAPADH@Z   004229a0 f   command.obj
 0001:00021ac0       ?parseword@@YAPADAAPAD@Z   00422ac0 f   command.obj
 0001:00021c20       ?lookup@@YAPADPAD@Z        00422c20 f   command.obj
 0001:00021ce0       ?execute@@YAHPAD_N@Z       00422ce0 f   command.obj
 0001:00022430       ?resetcomplete@@YAXXZ      00423430 f   command.obj
 0001:00022440       ?complete@@YAXPAD@Z        00423440 f   command.obj
 0001:000225f0       ?execfile@@YA_NPAD@Z       004235f0 f   command.obj
 0001:00022680       ?exec@@YAXPAD@Z            00423680 f   command.obj
 0001:000226b0       ?writecfg@@YAXXZ           004236b0 f   command.obj
 0001:000228a0       ?intset@@YAXPADH@Z         004238a0 f   command.obj
 0001:000228f0       ?ifthen@@YAXPAD00@Z        004238f0 f   command.obj
 0001:00022920       ?loopa@@YAXPAD0@Z          00423920 f   command.obj
 0001:00022980       ?whilea@@YAXPAD0@Z         00423980 f   command.obj
 0001:000229b0       ?onrelease@@YAX_NPAD@Z     004239b0 f   command.obj
 0001:000229d0       ?concat@@YAXPAD@Z          004239d0 f   command.obj
 0001:000229f0       ?concatword@@YAXPAD@Z      004239f0 f   command.obj
 0001:00022a50       ?listlen@@YAHPAD@Z         00423a50 f   command.obj
 0001:00022aa0       ?at@@YAXPAD0@Z             00423aa0 f   command.obj
 0001:00022b30       ?add@@YAHHH@Z              00423b30 f   command.obj
 0001:00022b40       ?mul@@YAHHH@Z              00423b40 f   command.obj
 0001:00022b50       ?sub@@YAHHH@Z              00423b50 f   command.obj
 0001:00022b60       ?divi@@YAHHH@Z             00423b60 f   command.obj
 0001:00022b90       ?mod@@YAHHH@Z              00423b90 f   command.obj
 0001:00022bc0       ?equal@@YAHHH@Z            00423bc0 f   command.obj
 0001:00022be0       ?lt@@YAHHH@Z               00423be0 f   command.obj
 0001:00022c00       ?gt@@YAHHH@Z               00423c00 f   command.obj
 0001:00022c20       ?strcmpa@@YAHPAD0@Z        00423c20 f   command.obj
 0001:00022c40       ?rndn@@YAHH@Z              00423c40 f   command.obj
 0001:00022c70       ?explastmillis@@YAHXZ      00423c70 f   command.obj
 0001:00022c80       ?deallocstr@pool@@QAEXPAD@Z 00423c80 f i command.obj
 0001:00022cb0       ?newstring@@YAPADPADI@Z    00423cb0 f i command.obj
 0001:00022cd0       ??0?$hashtable@Uident@@@@QAE@XZ 00423cd0 f i command.obj
 0001:00022d50       ?access@?$hashtable@Uident@@@@QAEPAUident@@PADPAU2@@Z 00423d50 f i command.obj
 0001:00022ea0       ?setconskip@@YAXH@Z        00423ea0 f   console.obj
 0001:00022ec0       ?conline@@YAXPBD_N@Z       00423ec0 f   console.obj
 0001:00022f60       ?conoutf@@YAXPBDZZ         00423f60 f   console.obj
 0001:00023040       ?renderconsole@@YAXXZ      00424040 f   console.obj
 0001:00023160       ?keymap@@YAXPAD00@Z        00424160 f   console.obj
 0001:000231d0       ?bindkey@@YAXPAD0@Z        004241d0 f   console.obj
 0001:00023280       ?saycommand@@YAXPAD@Z      00424280 f   console.obj
 0001:000232e0       ?mapmsg@@YAXPAD@Z          004242e0 f   console.obj
 0001:00023300       ?pasteconsole@@YAXXZ       00424300 f   console.obj
 0001:00023360       ?history@@YAXH@Z           00424360 f   console.obj
 0001:000233c0       ?keypress@@YAXH_NH@Z       004243c0 f   console.obj
 0001:000236d0       ?getcurcommand@@YAPADXZ    004246d0 f   console.obj
 0001:000236f0       ?writebinds@@YAXPAU_iobuf@@@Z 004246f0 f   console.obj
 0001:00023760       ?pop@?$vector@Ucline@@@@QAEAAUcline@@XZ 00424760 f i console.obj
 0001:00023790       ?insert@?$vector@Ucline@@@@QAEAAUcline@@HABU2@@Z 00424790 f i console.obj
 0001:00023820       ?newstringbuf@@YAPADPAD@Z  00424820 f i console.obj
 0001:00023840       ?stringbuf@pool@@QAEPADPAD@Z 00424840 f i console.obj
 0001:00023860       ?cleanup@@YAXPAD@Z         00424860 f   main.obj
 0001:000238c0       ?quit@@YAXXZ               004248c0 f   main.obj
 0001:000238e0       ?fatal@@YAXPAD0@Z          004248e0 f   main.obj
 0001:00023940       ?alloc@@YAPAXH@Z           00424940 f   main.obj
 0001:00023980       ?screenshot@@YAXXZ         00424980 f   main.obj
 0001:00023b30       ?keyrepeat@@YAX_N@Z        00424b30 f   main.obj
 0001:00023b50       ?var_gamespeed@@YAXXZ      00424b50 f   main.obj
 0001:00023b70       _SDL_main                  00424b70 f   main.obj
 0001:00024480       ?menuset@@YAXH@Z           00425480 f   menus.obj
 0001:000244d0       ?showmenu@@YAXPAD@Z        004254d0 f   menus.obj
 0001:00024540       ?menucompare@@YAHPAUmitem@@0@Z 00425540 f   menus.obj
 0001:00024590       ?sortmenu@@YAXHH@Z         00425590 f   menus.obj
 0001:000245d0       ?rendermenu@@YA_NXZ        004255d0 f   menus.obj
 0001:000248b0       ?newmenu@@YAXPAD@Z         004258b0 f   menus.obj
 0001:000248e0       ?menumanual@@YAXHHPAD@Z    004258e0 f   menus.obj
 0001:00024940       ?menuitem@@YAXPAD0@Z       00425940 f   menus.obj
 0001:000249b0       ?menukey@@YA_NH_N@Z        004259b0 f   menus.obj
 0001:00024b30       ?add@?$vector@Umitem@@@@QAEAAUmitem@@XZ 00425b30 f i menus.obj
 0001:00024ba0       ??A?$vector@Umitem@@@@QAEAAUmitem@@H@Z 00425ba0 f i menus.obj
 0001:00024ba0       ??A?$vector@Ucline@@@@QAEAAUcline@@H@Z 00425ba0 f i console.obj
 0001:00024ba0       ??A?$vector@Userver_entity@@@@QAEAAUserver_entity@@H@Z 00425ba0 f i server.obj
 0001:00024bc0       ?add@?$vector@Ugmenu@@@@QAEAAUgmenu@@XZ 00425bc0 f i menus.obj
 0001:00024c80       ?last@?$vector@Ugmenu@@@@QAEAAUgmenu@@XZ 00425c80 f i menus.obj
 0001:00024ca0       ??A?$vector@Ugmenu@@@@QAEAAUgmenu@@H@Z 00425ca0 f i menus.obj
 0001:00024cc0       ??0gmenu@@QAE@XZ           00425cc0 f i menus.obj
 0001:00024ce0       ??0?$vector@Userver_entity@@@@QAE@XZ 00425ce0 f i server.obj
 0001:00024ce0       ??0?$vector@Ucline@@@@QAE@XZ 00425ce0 f i console.obj
 0001:00024ce0       ??0?$vector@Umitem@@@@QAE@XZ 00425ce0 f i menus.obj
 0001:00024d30       ?realloc@?$vector@Ugmenu@@@@QAEXXZ 00425d30 f i menus.obj
 0001:00024d80       ??0?$vector@Ugmenu@@@@QAE@XZ 00425d80 f i menus.obj
 0001:00024dd0       ??1?$vector@Ugmenu@@@@QAE@XZ 00425dd0 f i menus.obj
 0001:00024e00       ?setsize@?$vector@Ugmenu@@@@QAEXH@Z 00425e00 f i menus.obj
 0001:00024e50       ??_Ggmenu@@QAEPAXI@Z       00425e50 f i menus.obj
 0001:00024e80       ??1gmenu@@QAE@XZ           00425e80 f i menus.obj
 0001:00024ea0       ??1?$vector@Userver_entity@@@@QAE@XZ 00425ea0 f i server.obj
 0001:00024ea0       ??1?$vector@Umitem@@@@QAE@XZ 00425ea0 f i menus.obj
 0001:00024ea0       ??1?$vector@Ucline@@@@QAE@XZ 00425ea0 f i console.obj
 0001:00024ee0       ?stopsound@@YAXXZ          00425ee0 f   sound.obj
 0001:00024f30       ?initsound@@YAXXZ          00425f30 f   sound.obj
 0001:00024f90       ?music@@YAXPAD@Z           00425f90 f   sound.obj
 0001:00025060       ?registersound@@YAHPAD@Z   00426060 f   sound.obj
 0001:00025100       ?cleansound@@YAXXZ         00426100 f   sound.obj
 0001:00025120       ?updatechanvol@@YAXHPAUvec@@@Z 00426120 f   sound.obj
 0001:000252a0       ?newsoundloc@@YAXHPAUvec@@@Z 004262a0 f   sound.obj
 0001:000252e0       ?updatevol@@YAXXZ          004262e0 f   sound.obj
 0001:00025360       ?playsoundc@@YAXH@Z        00426360 f   sound.obj
 0001:00025390       ?playsound@@YAXHPAUvec@@@Z 00426390 f   sound.obj
 0001:00025540       ?sound@@YAXH@Z             00426540 f   sound.obj
 0001:00025560       ??0pool@@QAE@XZ            00426560 f   tools.obj
 0001:000255b0       ?alloc@pool@@QAEPAXI@Z     004265b0 f   tools.obj
 0001:00025660       ?dealloc@pool@@QAEXPAXI@Z  00426660 f   tools.obj
 0001:000256c0       ?realloc@pool@@QAEPAXPAXII@Z 004266c0 f   tools.obj
 0001:00025730       ?dealloc_block@pool@@QAEXPAX@Z 00426730 f   tools.obj
 0001:00025760       ?allocnext@pool@@QAEXI@Z   00426760 f   tools.obj
 0001:000257b0       ?string@pool@@QAEPADPADI@Z 004267b0 f   tools.obj
 0001:00025800       ?gp@@YAPAUpool@@XZ         00426800 f   tools.obj
 0001:000258a0       ?path@@YAPADPAD@Z          004268a0 f   tools.obj
 0001:000258e0       ?loadfile@@YAPADPADPAH@Z   004268e0 f   tools.obj
 0001:000259c0       ?endianswap@@YAXPAXHH@Z    004269c0 f   tools.obj
 0001:00025a50       ?bucket@pool@@QAEII@Z      00426a50 f i tools.obj
 0001:00025a66       _gzclose@4                 00426a66 f   zlib:zlib.dll
 0001:00025a6c       _gzputc@8                  00426a6c f   zlib:zlib.dll
 0001:00025a72       _gzwrite@12                00426a72 f   zlib:zlib.dll
 0001:00025a78       _gzopen@8                  00426a78 f   zlib:zlib.dll
 0001:00025a7e       _gzgetc@4                  00426a7e f   zlib:zlib.dll
 0001:00025a84       _gzread@12                 00426a84 f   zlib:zlib.dll
 0001:00025a8a       _gzeof@4                   00426a8a f   zlib:zlib.dll
 0001:00025a90       _gluUnProject@48           00426a90 f   glu32:GLU32.dll
 0001:00025a96       _gluSphere@20              00426a96 f   glu32:GLU32.dll
 0001:00025a9c       _gluQuadricTexture@8       00426a9c f   glu32:GLU32.dll
 0001:00025aa2       _gluQuadricOrientation@8   00426aa2 f   glu32:GLU32.dll
 0001:00025aa8       _gluQuadricDrawStyle@8     00426aa8 f   glu32:GLU32.dll
 0001:00025aae       _gluNewQuadric@0           00426aae f   glu32:GLU32.dll
 0001:00025ab4       _gluDeleteQuadric@4        00426ab4 f   glu32:GLU32.dll
 0001:00025aba       _gluBuild2DMipmaps@28      00426aba f   glu32:GLU32.dll
 0001:00025ac0       _gluScaleImage@36          00426ac0 f   glu32:GLU32.dll
 0001:00025ac6       _gluPerspective@32         00426ac6 f   glu32:GLU32.dll
 0001:00025acc       _realloc                   00426acc f   msvcrt:MSVCR100.dll
 0001:00025ad2       _abs                       00426ad2 f   msvcrt:MSVCR100.dll
 0001:00025ae0       @__security_check_cookie@4 00426ae0 f   msvcrt:secchk.obj
 0001:00025af0       _sin                       00426af0 f   msvcrt:MSVCR100.dll
 0001:00025af6       _strcmp                    00426af6 f   msvcrt:MSVCR100.dll
 0001:00025afc       _memset                    00426afc f   msvcrt:MSVCR100.dll
 0001:00025b02       _strncpy                   00426b02 f   msvcrt:MSVCR100.dll
 0001:00025b08       __vsnprintf                00426b08 f   msvcrt:MSVCR100.dll
 0001:00025b0e       _free                      00426b0e f   msvcrt:MSVCR100.dll
 0001:00025b14       _atoi                      00426b14 f   msvcrt:MSVCR100.dll
 0001:00025b20       __ftol2_sse                00426b20 f   msvcrt:ftol2.obj
 0001:00025b29       __ftol2_pentium4           00426b29 f   msvcrt:ftol2.obj
 0001:00025b3c       __ftol2_sse_excpt          00426b3c f   msvcrt:ftol2.obj
 0001:00025b56       __ftol2                    00426b56 f   msvcrt:ftol2.obj
 0001:00025bcc       _strstr                    00426bcc f   msvcrt:MSVCR100.dll
 0001:00025bd2       __onexit                   00426bd2 f   msvcrt:atonexit.obj
 0001:00025c73       _atexit                    00426c73 f   msvcrt:atonexit.obj
 0001:00025c8a       _fclose                    00426c8a f   msvcrt:MSVCR100.dll
 0001:00025c90       _fseek                     00426c90 f   msvcrt:MSVCR100.dll
 0001:00025c96       ??_U@YAPAXI@Z              00426c96 f   msvcrt:MSVCR100.dll
 0001:00025c9c       _fread                     00426c9c f   msvcrt:MSVCR100.dll
 0001:00025ca2       _fopen                     00426ca2 f   msvcrt:MSVCR100.dll
 0001:00025ca8       ??3@YAXPAX@Z               00426ca8 f   msvcrt:MSVCR100.dll
 0001:00025cae       ??2@YAPAXI@Z               00426cae f   msvcrt:MSVCR100.dll
 0001:00025cb4       ___CxxFrameHandler3        00426cb4 f   msvcrt:MSVCR100.dll
 0001:00025cba       _strlen                    00426cba f   msvcrt:MSVCR100.dll
 0001:00025cc0       _rand                      00426cc0 f   msvcrt:MSVCR100.dll
 0001:00025cc6       _sqrt                      00426cc6 f   msvcrt:MSVCR100.dll
 0001:00025ccc       _fprintf                   00426ccc f   msvcrt:MSVCR100.dll
 0001:00025cd2       _memcpy                    00426cd2 f   msvcrt:MSVCR100.dll
 0001:00025cd8       _fabs                      00426cd8 f   msvcrt:MSVCR100.dll
 0001:00025ce0       __alloca_probe             00426ce0     msvcrt:chkstk.obj
 0001:00025ce0       __chkstk                   00426ce0 f   msvcrt:chkstk.obj
 0001:00025d0c       _printf                    00426d0c f   msvcrt:MSVCR100.dll
 0001:00025d12       __time64                   00426d12 f   msvcrt:MSVCR100.dll
 0001:00025d18       _qsort                     00426d18 f   msvcrt:MSVCR100.dll
 0001:00025d1e       _malloc                    00426d1e f   msvcrt:MSVCR100.dll
 0001:00025d24       _abort                     00426d24 f   msvcrt:MSVCR100.dll
 0001:00025d2a       _perror                    00426d2a f   msvcrt:MSVCR100.dll
 0001:00025d30       _strtol                    00426d30 f   msvcrt:MSVCR100.dll
 0001:00025d36       _srand                     00426d36 f   msvcrt:MSVCR100.dll
 0001:00025d3c       _cos                       00426d3c f   msvcrt:MSVCR100.dll
 0001:00025d42       _rename                    00426d42 f   msvcrt:MSVCR100.dll
 0001:00025d48       _remove                    00426d48 f   msvcrt:MSVCR100.dll
 0001:00025d4e       _fwrite                    00426d4e f   msvcrt:MSVCR100.dll
 0001:00025d54       _strncmp                   00426d54 f   msvcrt:MSVCR100.dll
 0001:00025d5a       _strpbrk                   00426d5a f   msvcrt:MSVCR100.dll
 0001:00025d60       _atan2                     00426d60 f   msvcrt:MSVCR100.dll
 0001:00025d66       _strcspn                   00426d66 f   msvcrt:MSVCR100.dll
 0001:00025d6c       _strspn                    00426d6c f   msvcrt:MSVCR100.dll
 0001:00025d72       _puts                      00426d72 f   msvcrt:MSVCR100.dll
 0001:00025d78       _toupper                   00426d78 f   msvcrt:MSVCR100.dll
 0001:00025d7e       _exit                      00426d7e f   msvcrt:MSVCR100.dll
 0001:00025d84       _calloc                    00426d84 f   msvcrt:MSVCR100.dll
 0001:00025d8a       _ftell                     00426d8a f   msvcrt:MSVCR100.dll
 0001:0002601f       _mainCRTStartup            0042701f f   msvcrt:crtexe.obj
 0001:00026029       ___report_gsfailure        00427029 f   msvcrt:gs_report.obj
 0001:0002612f       ___sse2_available_init     0042712f f   msvcrt:cpu_disp.obj
 0001:00026140       __unlock                   00427140 f   msvcrt:MSVCR100.dll
 0001:00026146       ___dllonexit               00427146 f   msvcrt:MSVCR100.dll
 0001:0002614c       __lock                     0042714c f   msvcrt:MSVCR100.dll
 0001:00026160       __SEH_prolog4              00427160 f   msvcrt:sehprolg4.obj
 0001:000261a5       __SEH_epilog4              004271a5 f   msvcrt:sehprolg4.obj
 0001:000261b9       __except_handler4          004271b9 f   msvcrt:chandler4gs.obj
 0001:000261de       ?__CxxUnhandledExceptionFilter@@YGJPAU_EXCEPTION_POINTERS@@@Z 004271de f   msvcrt:unhandld.obj
 0001:00026220       ___CxxSetUnhandledExceptionFilter 00427220 f   msvcrt:unhandld.obj
 0001:0002622e       __amsg_exit                0042722e f   msvcrt:MSVCR100.dll
 0001:00026234       __RTC_Initialize           00427234 f   msvcrt:_initsect_.obj
 0001:0002625a       __RTC_Terminate            0042725a f   msvcrt:_initsect_.obj
 0001:00026280       __XcptFilter               00427280 f   msvcrt:MSVCR100.dll
 0001:00026290       __ValidateImageBase        00427290 f   msvcrt:pesect.obj
 0001:000262d0       __FindPESection            004272d0 f   msvcrt:pesect.obj
 0001:00026320       __IsNonwritableInCurrentImage 00427320 f   msvcrt:pesect.obj
 0001:000263dc       __initterm                 004273dc f   msvcrt:MSVCR100.dll
 0001:000263e2       __initterm_e               004273e2 f   msvcrt:MSVCR100.dll
 0001:000263e8       __setdefaultprecision      004273e8 f   msvcrt:fp8.obj
 0001:00026410       __setargv                  00427410 f   msvcrt:dllargv.obj
 0001:00026410       __matherr                  00427410 f   msvcrt:merr.obj
 0001:00026413       ___security_init_cookie    00427413 f   msvcrt:gs_support.obj
 0001:000264ae       __crt_debugger_hook        004274ae f   msvcrt:MSVCR100.dll
 0001:000264b4       __except_handler4_common   004274b4 f   msvcrt:MSVCR100.dll
 0001:000264ba       ?terminate@@YAXXZ          004274ba f   msvcrt:MSVCR100.dll
 0001:000264c0       __invoke_watson            004274c0 f   msvcrt:MSVCR100.dll
 0001:000264c6       __controlfp_s              004274c6 f   msvcrt:MSVCR100.dll
 0001:000264d0       _main                      004274d0 f   SDLmain:SDL_win32_main.obj
 0001:000266d0       _SDL_FreeSurface           004276d0 f   SDL:SDL.dll
 0001:000266d6       _SDL_GetError              004276d6 f   SDL:SDL.dll
 0001:000266dc       _SDL_SetGamma              004276dc f   SDL:SDL.dll
 0001:000266e2       _SDL_mutexV                004276e2 f   SDL:SDL.dll
 0001:000266e8       _SDL_mutexP                004276e8 f   SDL:SDL.dll
 0001:000266ee       _SDL_SemWait               004276ee f   SDL:SDL.dll
 0001:000266f4       _SDL_CreateThread          004276f4 f   SDL:SDL.dll
 0001:000266fa       _SDL_CreateMutex           004276fa f   SDL:SDL.dll
 0001:00026700       _SDL_CreateSemaphore       00427700 f   SDL:SDL.dll
 0001:00026706       _SDL_KillThread            00427706 f   SDL:SDL.dll
 0001:0002670c       _SDL_SemTryWait            0042770c f   SDL:SDL.dll
 0001:00026712       _SDL_SemPost               00427712 f   SDL:SDL.dll
 0001:00026718       _SDL_GetTicks              00427718 f   SDL:SDL.dll
 0001:0002671e       _SDL_EnableUNICODE         0042771e f   SDL:SDL.dll
 0001:00026724       _SDL_GetModState           00427724 f   SDL:SDL.dll
 0001:0002672a       _SDL_Quit                  0042772a f   SDL:SDL.dll
 0001:00026730       _SDL_ShowCursor            00427730 f   SDL:SDL.dll
 0001:00026736       _SDL_SaveBMP_RW            00427736 f   SDL:SDL.dll
 0001:0002673c       _SDL_RWFromFile            0042773c f   SDL:SDL.dll
 0001:00026742       _SDL_CreateRGBSurface      00427742 f   SDL:SDL.dll
 0001:00026748       _SDL_EnableKeyRepeat       00427748 f   SDL:SDL.dll
 0001:0002674e       _SDL_PollEvent             0042774e f   SDL:SDL.dll
 0001:00026754       _SDL_GL_SwapBuffers        00427754 f   SDL:SDL.dll
 0001:0002675a       _SDL_Delay                 0042775a f   SDL:SDL.dll
 0001:00026760       _SDL_WM_GrabInput          00427760 f   SDL:SDL.dll
 0001:00026766       _SDL_WM_SetCaption         00427766 f   SDL:SDL.dll
 0001:0002676c       _SDL_SetVideoMode          0042776c f   SDL:SDL.dll
 0001:00026772       _SDL_GL_SetAttribute       00427772 f   SDL:SDL.dll
 0001:00026778       _SDL_InitSubSystem         00427778 f   SDL:SDL.dll
 0001:0002677e       _SDL_Init                  0042777e f   SDL:SDL.dll
 0001:00026784       _SDL_SetModuleHandle       00427784 f   SDL:SDL.dll
 0001:0002678a       _IMG_Load                  0042778a f   SDL_image:SDL_image.dll
 0001:00026790       ___WSAFDIsSet@8            00427790 f   ws2_32:WS2_32.dll
 0001:00026796       _Mix_FreeMusic             00427796 f   SDL_mixer:SDL_mixer.dll
 0001:0002679c       _Mix_HaltMusic             0042779c f   SDL_mixer:SDL_mixer.dll
 0001:000267a2       _Mix_AllocateChannels      004277a2 f   SDL_mixer:SDL_mixer.dll
 0001:000267a8       _Mix_OpenAudio             004277a8 f   SDL_mixer:SDL_mixer.dll
 0001:000267ae       _Mix_VolumeMusic           004277ae f   SDL_mixer:SDL_mixer.dll
 0001:000267b4       _Mix_PlayMusic             004277b4 f   SDL_mixer:SDL_mixer.dll
 0001:000267ba       _Mix_LoadMUS               004277ba f   SDL_mixer:SDL_mixer.dll
 0001:000267c0       _Mix_CloseAudio            004277c0 f   SDL_mixer:SDL_mixer.dll
 0001:000267c6       _Mix_SetPanning            004277c6 f   SDL_mixer:SDL_mixer.dll
 0001:000267cc       _Mix_Volume                004277cc f   SDL_mixer:SDL_mixer.dll
 0001:000267d2       _Mix_Playing               004277d2 f   SDL_mixer:SDL_mixer.dll
 0001:000267d8       _Mix_PlayChannelTimed      004277d8 f   SDL_mixer:SDL_mixer.dll
 0001:000267de       _Mix_LoadWAV_RW            004277de f   SDL_mixer:SDL_mixer.dll
 0002:00000000       __imp__gluScaleImage@36    0042a000     glu32:GLU32.dll
 0002:00000004       __imp__gluBuild2DMipmaps@28 0042a004     glu32:GLU32.dll
 0002:00000008       __imp__gluDeleteQuadric@4  0042a008     glu32:GLU32.dll
 0002:0000000c       __imp__gluNewQuadric@0     0042a00c     glu32:GLU32.dll
 0002:00000010       __imp__gluQuadricDrawStyle@8 0042a010     glu32:GLU32.dll
 0002:00000014       __imp__gluQuadricOrientation@8 0042a014     glu32:GLU32.dll
 0002:00000018       __imp__gluQuadricTexture@8 0042a018     glu32:GLU32.dll
 0002:0000001c       __imp__gluSphere@20        0042a01c     glu32:GLU32.dll
 0002:00000020       __imp__gluUnProject@48     0042a020     glu32:GLU32.dll
 0002:00000024       __imp__gluPerspective@32   0042a024     glu32:GLU32.dll
 0002:00000028       \177GLU32_NULL_THUNK_DATA  0042a028     glu32:GLU32.dll
 0002:0000002c       __imp__GetModuleHandleA@4  0042a02c     kernel32:KERNEL32.dll
 0002:00000030       __imp__GetSystemTimeAsFileTime@4 0042a030     kernel32:KERNEL32.dll
 0002:00000034       __imp__GetCurrentProcessId@0 0042a034     kernel32:KERNEL32.dll
 0002:00000038       __imp__GetCurrentThreadId@0 0042a038     kernel32:KERNEL32.dll
 0002:0000003c       __imp__GetTickCount@0      0042a03c     kernel32:KERNEL32.dll
 0002:00000040       __imp__QueryPerformanceCounter@4 0042a040     kernel32:KERNEL32.dll
 0002:00000044       __imp__IsProcessorFeaturePresent@4 0042a044     kernel32:KERNEL32.dll
 0002:00000048       __imp__IsDebuggerPresent@0 0042a048     kernel32:KERNEL32.dll
 0002:0000004c       __imp__SetUnhandledExceptionFilter@4 0042a04c     kernel32:KERNEL32.dll
 0002:00000050       __imp__UnhandledExceptionFilter@4 0042a050     kernel32:KERNEL32.dll
 0002:00000054       __imp__TerminateProcess@8  0042a054     kernel32:KERNEL32.dll
 0002:00000058       __imp__HeapSetInformation@16 0042a058     kernel32:KERNEL32.dll
 0002:0000005c       __imp__InterlockedCompareExchange@12 0042a05c     kernel32:KERNEL32.dll
 0002:00000060       __imp__Sleep@4             0042a060     kernel32:KERNEL32.dll
 0002:00000064       __imp__InterlockedExchange@8 0042a064     kernel32:KERNEL32.dll
 0002:00000068       __imp__DecodePointer@4     0042a068     kernel32:KERNEL32.dll
 0002:0000006c       __imp__EncodePointer@4     0042a06c     kernel32:KERNEL32.dll
 0002:00000070       __imp__GlobalLock@4        0042a070     kernel32:KERNEL32.dll
 0002:00000074       __imp__GlobalUnlock@4      0042a074     kernel32:KERNEL32.dll
 0002:00000078       __imp__GetCurrentProcess@0 0042a078     kernel32:KERNEL32.dll
 0002:0000007c       __imp__SetPriorityClass@8  0042a07c     kernel32:KERNEL32.dll
 0002:00000080       \177KERNEL32_NULL_THUNK_DATA 0042a080     kernel32:KERNEL32.dll
 0002:00000084       __imp_?terminate@@YAXXZ    0042a084     msvcrt:MSVCR100.dll
 0002:00000088       __imp___except_handler4_common 0042a088     msvcrt:MSVCR100.dll
 0002:0000008c       __imp___invoke_watson      0042a08c     msvcrt:MSVCR100.dll
 0002:00000090       __imp___controlfp_s        0042a090     msvcrt:MSVCR100.dll
 0002:00000094       __imp____set_app_type      0042a094     msvcrt:MSVCR100.dll
 0002:00000098       __imp___fmode              0042a098     msvcrt:MSVCR100.dll
 0002:0000009c       __imp___commode            0042a09c     msvcrt:MSVCR100.dll
 0002:000000a0       __imp____setusermatherr    0042a0a0     msvcrt:MSVCR100.dll
 0002:000000a4       __imp___configthreadlocale 0042a0a4     msvcrt:MSVCR100.dll
 0002:000000a8       __imp___initterm_e         0042a0a8     msvcrt:MSVCR100.dll
 0002:000000ac       __imp___initterm           0042a0ac     msvcrt:MSVCR100.dll
 0002:000000b0       __imp____initenv           0042a0b0     msvcrt:MSVCR100.dll
 0002:000000b4       __imp___XcptFilter         0042a0b4     msvcrt:MSVCR100.dll
 0002:000000b8       __imp___exit               0042a0b8     msvcrt:MSVCR100.dll
 0002:000000bc       __imp____getmainargs       0042a0bc     msvcrt:MSVCR100.dll
 0002:000000c0       __imp___amsg_exit          0042a0c0     msvcrt:MSVCR100.dll
 0002:000000c4       __imp___onexit             0042a0c4     msvcrt:MSVCR100.dll
 0002:000000c8       __imp___lock               0042a0c8     msvcrt:MSVCR100.dll
 0002:000000cc       __imp____dllonexit         0042a0cc     msvcrt:MSVCR100.dll
 0002:000000d0       __imp___unlock             0042a0d0     msvcrt:MSVCR100.dll
 0002:000000d4       __imp__ftell               0042a0d4     msvcrt:MSVCR100.dll
 0002:000000d8       __imp__calloc              0042a0d8     msvcrt:MSVCR100.dll
 0002:000000dc       __imp__exit                0042a0dc     msvcrt:MSVCR100.dll
 0002:000000e0       __imp__toupper             0042a0e0     msvcrt:MSVCR100.dll
 0002:000000e4       __imp__puts                0042a0e4     msvcrt:MSVCR100.dll
 0002:000000e8       __imp__strspn              0042a0e8     msvcrt:MSVCR100.dll
 0002:000000ec       __imp__strcspn             0042a0ec     msvcrt:MSVCR100.dll
 0002:000000f0       __imp__atan2               0042a0f0     msvcrt:MSVCR100.dll
 0002:000000f4       __imp__strpbrk             0042a0f4     msvcrt:MSVCR100.dll
 0002:000000f8       __imp__strncmp             0042a0f8     msvcrt:MSVCR100.dll
 0002:000000fc       __imp__strrchr             0042a0fc     msvcrt:MSVCR100.dll
 0002:00000100       __imp___iob                0042a100     msvcrt:MSVCR100.dll
 0002:00000104       __imp__fgetc               0042a104     msvcrt:MSVCR100.dll
 0002:00000108       __imp___crt_debugger_hook  0042a108     msvcrt:MSVCR100.dll
 0002:0000010c       __imp___cexit              0042a10c     msvcrt:MSVCR100.dll
 0002:00000110       __imp__realloc             0042a110     msvcrt:MSVCR100.dll
 0002:00000114       __imp__abs                 0042a114     msvcrt:MSVCR100.dll
 0002:00000118       __imp__sin                 0042a118     msvcrt:MSVCR100.dll
 0002:0000011c       __imp__strcmp              0042a11c     msvcrt:MSVCR100.dll
 0002:00000120       __imp__memset              0042a120     msvcrt:MSVCR100.dll
 0002:00000124       __imp__strncpy             0042a124     msvcrt:MSVCR100.dll
 0002:00000128       __imp___vsnprintf          0042a128     msvcrt:MSVCR100.dll
 0002:0000012c       __imp__free                0042a12c     msvcrt:MSVCR100.dll
 0002:00000130       __imp__atoi                0042a130     msvcrt:MSVCR100.dll
 0002:00000134       __imp__strstr              0042a134     msvcrt:MSVCR100.dll
 0002:00000138       __imp__fclose              0042a138     msvcrt:MSVCR100.dll
 0002:0000013c       __imp__fseek               0042a13c     msvcrt:MSVCR100.dll
 0002:00000140       __imp_??_U@YAPAXI@Z        0042a140     msvcrt:MSVCR100.dll
 0002:00000144       __imp__fread               0042a144     msvcrt:MSVCR100.dll
 0002:00000148       __imp__fopen               0042a148     msvcrt:MSVCR100.dll
 0002:0000014c       __imp_??3@YAXPAX@Z         0042a14c     msvcrt:MSVCR100.dll
 0002:00000150       __imp_??2@YAPAXI@Z         0042a150     msvcrt:MSVCR100.dll
 0002:00000154       __imp____CxxFrameHandler3  0042a154     msvcrt:MSVCR100.dll
 0002:00000158       __imp__strlen              0042a158     msvcrt:MSVCR100.dll
 0002:0000015c       __imp__rand                0042a15c     msvcrt:MSVCR100.dll
 0002:00000160       __imp__sqrt                0042a160     msvcrt:MSVCR100.dll
 0002:00000164       __imp__fprintf             0042a164     msvcrt:MSVCR100.dll
 0002:00000168       __imp__memcpy              0042a168     msvcrt:MSVCR100.dll
 0002:0000016c       __imp__fabs                0042a16c     msvcrt:MSVCR100.dll
 0002:00000170       __imp__printf              0042a170     msvcrt:MSVCR100.dll
 0002:00000174       __imp___time64             0042a174     msvcrt:MSVCR100.dll
 0002:00000178       __imp__qsort               0042a178     msvcrt:MSVCR100.dll
 0002:0000017c       __imp__malloc              0042a17c     msvcrt:MSVCR100.dll
 0002:00000180       __imp__abort               0042a180     msvcrt:MSVCR100.dll
 0002:00000184       __imp__perror              0042a184     msvcrt:MSVCR100.dll
 0002:00000188       __imp__strtol              0042a188     msvcrt:MSVCR100.dll
 0002:0000018c       __imp__srand               0042a18c     msvcrt:MSVCR100.dll
 0002:00000190       __imp__cos                 0042a190     msvcrt:MSVCR100.dll
 0002:00000194       __imp__rename              0042a194     msvcrt:MSVCR100.dll
 0002:00000198       __imp__remove              0042a198     msvcrt:MSVCR100.dll
 0002:0000019c       __imp__fwrite              0042a19c     msvcrt:MSVCR100.dll
 0002:000001a0       \177MSVCR100_NULL_THUNK_DATA 0042a1a0     msvcrt:MSVCR100.dll
 0002:000001a4       __imp__glVertex3d@24       0042a1a4     opengl32:OPENGL32.dll
 0002:000001a8       __imp__glColor3fv@4        0042a1a8     opengl32:OPENGL32.dll
 0002:000001ac       __imp__glFogfv@8           0042a1ac     opengl32:OPENGL32.dll
 0002:000001b0       __imp__glClearColor@16     0042a1b0     opengl32:OPENGL32.dll
 0002:000001b4       __imp__glClear@4           0042a1b4     opengl32:OPENGL32.dll
 0002:000001b8       __imp__glColor3f@12        0042a1b8     opengl32:OPENGL32.dll
 0002:000001bc       __imp__glMatrixMode@4      0042a1bc     opengl32:OPENGL32.dll
 0002:000001c0       __imp__glLoadIdentity@0    0042a1c0     opengl32:OPENGL32.dll
 0002:000001c4       __imp__glRotated@32        0042a1c4     opengl32:OPENGL32.dll
 0002:000001c8       __imp__glTranslated@24     0042a1c8     opengl32:OPENGL32.dll
 0002:000001cc       __imp__glTexEnvf@12        0042a1cc     opengl32:OPENGL32.dll
 0002:000001d0       __imp__glEnableClientState@4 0042a1d0     opengl32:OPENGL32.dll
 0002:000001d4       __imp__glPixelStorei@8     0042a1d4     opengl32:OPENGL32.dll
 0002:000001d8       __imp__glTexParameteri@12  0042a1d8     opengl32:OPENGL32.dll
 0002:000001dc       __imp__glTexEnvi@12        0042a1dc     opengl32:OPENGL32.dll
 0002:000001e0       __imp__glViewport@16       0042a1e0     opengl32:OPENGL32.dll
 0002:000001e4       __imp__glClearDepth@8      0042a1e4     opengl32:OPENGL32.dll
 0002:000001e8       __imp__glDepthFunc@4       0042a1e8     opengl32:OPENGL32.dll
 0002:000001ec       __imp__glShadeModel@4      0042a1ec     opengl32:OPENGL32.dll
 0002:000001f0       __imp__glFogi@8            0042a1f0     opengl32:OPENGL32.dll
 0002:000001f4       __imp__glFogf@8            0042a1f4     opengl32:OPENGL32.dll
 0002:000001f8       __imp__glHint@8            0042a1f8     opengl32:OPENGL32.dll
 0002:000001fc       __imp__glPolygonOffset@8   0042a1fc     opengl32:OPENGL32.dll
 0002:00000200       __imp__glCullFace@4        0042a200     opengl32:OPENGL32.dll
 0002:00000204       __imp__glGetString@4       0042a204     opengl32:OPENGL32.dll
 0002:00000208       __imp__glNewList@8         0042a208     opengl32:OPENGL32.dll
 0002:0000020c       __imp__glEndList@0         0042a20c     opengl32:OPENGL32.dll
 0002:00000210       __imp__glOrtho@48          0042a210     opengl32:OPENGL32.dll
 0002:00000214       __imp__glTexCoord2d@16     0042a214     opengl32:OPENGL32.dll
 0002:00000218       __imp__glVertex2f@8        0042a218     opengl32:OPENGL32.dll
 0002:0000021c       __imp__glLoadMatrixd@4     0042a21c     opengl32:OPENGL32.dll
 0002:00000220       __imp__glTexCoord2f@8      0042a220     opengl32:OPENGL32.dll
 0002:00000224       __imp__glColorPointer@16   0042a224     opengl32:OPENGL32.dll
 0002:00000228       __imp__glVertexPointer@16  0042a228     opengl32:OPENGL32.dll
 0002:0000022c       __imp__glDisable@4         0042a22c     opengl32:OPENGL32.dll
 0002:00000230       __imp__glDrawArrays@12     0042a230     opengl32:OPENGL32.dll
 0002:00000234       __imp__glBindTexture@8     0042a234     opengl32:OPENGL32.dll
 0002:00000238       __imp__glBlendFunc@8       0042a238     opengl32:OPENGL32.dll
 0002:0000023c       __imp__glEnable@4          0042a23c     opengl32:OPENGL32.dll
 0002:00000240       __imp__glDepthMask@4       0042a240     opengl32:OPENGL32.dll
 0002:00000244       __imp__glEnd@0             0042a244     opengl32:OPENGL32.dll
 0002:00000248       __imp__glVertex3f@12       0042a248     opengl32:OPENGL32.dll
 0002:0000024c       __imp__glBegin@4           0042a24c     opengl32:OPENGL32.dll
 0002:00000250       __imp__glColor3ub@12       0042a250     opengl32:OPENGL32.dll
 0002:00000254       __imp__glLineWidth@4       0042a254     opengl32:OPENGL32.dll
 0002:00000258       __imp__glPolygonMode@8     0042a258     opengl32:OPENGL32.dll
 0002:0000025c       __imp__glVertex2i@8        0042a25c     opengl32:OPENGL32.dll
 0002:00000260       __imp__glColor3d@24        0042a260     opengl32:OPENGL32.dll
 0002:00000264       __imp__glPopMatrix@0       0042a264     opengl32:OPENGL32.dll
 0002:00000268       __imp__glCallList@4        0042a268     opengl32:OPENGL32.dll
 0002:0000026c       __imp__glScalef@12         0042a26c     opengl32:OPENGL32.dll
 0002:00000270       __imp__glRotatef@16        0042a270     opengl32:OPENGL32.dll
 0002:00000274       __imp__glTranslatef@12     0042a274     opengl32:OPENGL32.dll
[...]
 0001:00011d80       _enet_protocol_handle_disconnect 00412d80 f   protocol.obj
 0001:00011de0       _enet_protocol_handle_acknowledge 00412de0 f   protocol.obj
 0001:000120d0       _enet_protocol_remove_sent_reliable_command 004130d0 f   protocol.obj
 0001:000121f0       _enet_protocol_handle_verify_connect 004131f0 f   protocol.obj
 0001:00024460       _time                      00425460 f   main.obj
 0001:00025d90       _pre_cpp_init              00426d90 f   msvcrt:crtexe.obj
 0001:00025ddb       ___tmainCRTStartup         00426ddb f   msvcrt:crtexe.obj
 0001:00025f65       _pre_c_init                00426f65 f   msvcrt:crtexe.obj
 0001:000265c0       _ShowError                 004275c0 f   SDLmain:SDL_win32_main.obj
 0001:000265f0       _OutOfMemory               004275f0 f   SDLmain:SDL_win32_main.obj
 0001:00026610       _cleanup_output            00427610 f   SDLmain:SDL_win32_main.obj
 0001:000267f0       __unwindfunclet$?loadmodel@@YAPAUmd2@@PAD@Z$0 004277f0 f   rendermd2.obj
 0001:000267fb       __unwindfunclet$?loadmodel@@YAPAUmd2@@PAD@Z$1 004277fb f   rendermd2.obj
 0001:00026806       __ehhandler$?loadmodel@@YAPAUmd2@@PAD@Z 00427806 f   rendermd2.obj
 0001:00026830       __unwindfunclet$?add@?$vector@U?$vector@H@@@@QAEAAU?$vector@H@@XZ$0 00427830 f   client.obj
 0001:0002684c       __ehhandler$?add@?$vector@U?$vector@H@@@@QAEAAU?$vector@H@@XZ 0042784c f   client.obj
 0001:00026870       __unwindfunclet$?variable@@YAHPADHHHPAHP6AXXZ_N@Z$0 00427870 f   command.obj
 0001:0002687b       __ehhandler$?variable@@YAHPADHHHPAHP6AXXZ_N@Z 0042787b f   command.obj
 0001:00026896       __unwindfunclet$?addcommand@@YA_NPADP6AXXZH@Z$0 00427896 f   command.obj
 0001:000268a1       __ehhandler$?addcommand@@YA_NPADP6AXXZH@Z 004278a1 f   command.obj
 0001:000268c0       __unwindfunclet$?add@?$vector@Ugmenu@@@@QAEAAUgmenu@@XZ$0 004278c0 f   menus.obj
 0001:000268dc       __ehhandler$?add@?$vector@Ugmenu@@@@QAEAAUgmenu@@XZ 004278dc f   menus.obj
 0001:00026900       __unwindfunclet$?gp@@YAPAUpool@@XZ$0 00427900 f   tools.obj
 0001:0002690b       __ehhandler$?gp@@YAPAUpool@@XZ 0042790b f   tools.obj
 0001:00026930       ??__E__dummy_showmip@@YAXXZ 00427930 f   rendercubes.obj
 0001:00026950       ??__Elighterror@@YAXXZ     00427950 f   rendercubes.obj
 0001:00026980       ??__Ewatersubdiv@@YAXXZ    00427980 f   rendercubes.obj
 0001:000269b0       ??__Ewaterlevel@@YAXXZ     004279b0 f   rendercubes.obj
 0001:000269e0       ??__E__dummy_loadsky@@YAXXZ 004279e0 f   renderextras.obj
 0001:00026a00       ??__Ecrosshairsize@@YAXXZ  00427a00 f   renderextras.obj
 0001:00026a30       ??__Ehidestats@@YAXXZ      00427a30 f   renderextras.obj
 0001:00026a60       ??__Ecrosshairfx@@YAXXZ    00427a60 f   renderextras.obj
 0001:00026a90       ??__E__dummy_texturereset@@YAXXZ 00427a90 f   rendergl.obj
 0001:00026ab0       ??__E__dummy_texture@@YAXXZ 00427ab0 f   rendergl.obj
 0001:00026ad0       ??__Estrips@@YAXXZ         00427ad0 f   rendergl.obj
 0001:00026af0       ??__Egamma@@YAXXZ          00427af0 f   rendergl.obj
 0001:00026b20       ??__Efov@@YAXXZ            00427b20 f   rendergl.obj
 0001:00026b50       ??__Efog@@YAXXZ            00427b50 f   rendergl.obj
 0001:00026b80       ??__Efogcolour@@YAXXZ      00427b80 f   rendergl.obj
 0001:00026bb0       ??__Ehudgun@@YAXXZ         00427bb0 f   rendergl.obj
 0001:00026be0       ??__Emapmodels@@YAXXZ      00427be0 f   rendermd2.obj
 0001:00026c00       ??__E__dummy_mapmodel@@YAXXZ 00427c00 f   rendermd2.obj
 0001:00026c20       ??__E__dummy_mapmodelreset@@YAXXZ 00427c20 f   rendermd2.obj
 0001:00026c40       ??__Emaxparticles@@YAXXZ   00427c40 f   renderparticles.obj
 0001:00026c70       ??__Edemotracking@@YAXXZ   00427c70 f   renderparticles.obj
 0001:00026ca0       ??__Eparticlesize@@YAXXZ   00427ca0 f   renderparticles.obj
 0001:00026cd0       ??__Erate@@YAXXZ           00427cd0 f   client.obj
 0001:00026d00       ??__Ethrottle_interval@@YAXXZ 00427d00 f   client.obj
 0001:00026d30       ??__Ethrottle_accel@@YAXXZ 00427d30 f   client.obj
 0001:00026d60       ??__Ethrottle_decel@@YAXXZ 00427d60 f   client.obj
 0001:00026d90       ??__E__dummy_newteam@@YAXXZ 00427d90 f   client.obj
 0001:00026db0       ??__E__dummy_newname@@YAXXZ 00427db0 f   client.obj
 0001:00026dd0       ??__E__dummy_echo@@YAXXZ   00427dd0 f   client.obj
 0001:00026df0       ??__E__dummy_toserver@@YAXXZ 00427df0 f   client.obj
 0001:00026e10       ??__E__dummy_connects@@YAXXZ 00427e10 f   client.obj
 0001:00026e30       ??__E__dummy_trydisconnect@@YAXXZ 00427e30 f   client.obj
 0001:00026e50       ??__Emessages@@YAXXZ       00427e50 f   client.obj
 0001:00026e70       ??__E__dummy_password@@YAXXZ 00427e70 f   client.obj
 0001:00026e90       ??__Escorelines@@YAXXZ     00427e90 f   clientextras.obj
 0001:00026eb0       ??__E__dummy_sendmap@@YAXXZ 00427eb0 f   clientextras.obj
 0001:00026ed0       ??__E__dummy_getmap@@YAXXZ 00427ed0 f   clientextras.obj
 0001:00026ef0       ??__Egamemode@@YAXXZ       00427ef0 f   clientgame.obj
 0001:00026f20       ??__E__dummy_mode@@YAXXZ   00427f20 f   clientgame.obj
 0001:00026f40       ??__Eplayer1@@YAXXZ        00427f40 f   clientgame.obj
 0001:00026f50       ??__Eplayers@@YAXXZ        00427f50 f   clientgame.obj
 0001:00026f70       ??__Esensitivity@@YAXXZ    00427f70 f   clientgame.obj
 0001:00026fa0       ??__Esensitivityscale@@YAXXZ 00427fa0 f   clientgame.obj
 0001:00026fd0       ??__Einvmouse@@YAXXZ       00427fd0 f   clientgame.obj
 0001:00027000       ??__E__dummy_sleepf@@YAXXZ 00428000 f   clientgame.obj
 0001:00027020       ??__E__dummy_backward@@YAXXZ 00428020 f   clientgame.obj
 0001:00027040       ??__E__dummy_forward@@YAXXZ 00428040 f   clientgame.obj
 0001:00027060       ??__E__dummy_left@@YAXXZ   00428060 f   clientgame.obj
 0001:00027080       ??__E__dummy_right@@YAXXZ  00428080 f   clientgame.obj
 0001:000270a0       ??__E__dummy_jumpn@@YAXXZ  004280a0 f   clientgame.obj
 0001:000270c0       ??__E__dummy_attack@@YAXXZ 004280c0 f   clientgame.obj
 0001:000270e0       ??__E__dummy_showscores@@YAXXZ 004280e0 f   clientgame.obj
 0001:00027100       ??__E__dummy_changemap@@YAXXZ 00428100 f   clientgame.obj
 0001:00027120       ??__E_1@?A0x2127cfbd@@YAXXZ 00428120 f   clients2c.obj
 0001:00027130       ??__E_2@?A0x2127cfbd@@YAXXZ 00428130 f   clients2c.obj
 0001:00027140       ??__E_3@?A0x2127cfbd@@YAXXZ 00428140 f   clients2c.obj
 0001:00027150       ??__E_4@?A0x2127cfbd@@YAXXZ 00428150 f   clients2c.obj
 0001:00027160       ??__E_5@?A0x2127cfbd@@YAXXZ 00428160 f   clients2c.obj
 0001:00027170       ??__E_6@?A0x2127cfbd@@YAXXZ 00428170 f   clients2c.obj
 0001:00027180       ??__E_7@?A0x2127cfbd@@YAXXZ 00428180 f   clients2c.obj
 0001:00027190       ??__E_8@?A0x2127cfbd@@YAXXZ 00428190 f   clients2c.obj
 0001:000271a0       ??__E_9@?A0x2127cfbd@@YAXXZ 004281a0 f   clients2c.obj
 0001:000271b0       ??__Eclients@@YAXXZ        004281b0 f   server.obj
 0001:000271d0       ??__Esents@@YAXXZ          004281d0 f   server.obj
 0001:000271f0       ??__E_1@?A0x076d6d59@@YAXXZ 004281f0 f   serverbrowser.obj
 0001:00027200       ??__E_2@?A0x076d6d59@@YAXXZ 00428200 f   serverbrowser.obj
 0001:00027210       ??__E_3@?A0x076d6d59@@YAXXZ 00428210 f   serverbrowser.obj
 0001:00027220       ??__E_4@?A0x076d6d59@@YAXXZ 00428220 f   serverbrowser.obj
 0001:00027230       ??__E_5@?A0x076d6d59@@YAXXZ 00428230 f   serverbrowser.obj
 0001:00027240       ??__E_6@?A0x076d6d59@@YAXXZ 00428240 f   serverbrowser.obj
 0001:00027250       ??__E_7@?A0x076d6d59@@YAXXZ 00428250 f   serverbrowser.obj
 0001:00027260       ??__E_8@?A0x076d6d59@@YAXXZ 00428260 f   serverbrowser.obj
 0001:00027270       ??__E_9@?A0x076d6d59@@YAXXZ 00428270 f   serverbrowser.obj
 0001:00027280       ??__Eresolverthreads@@YAXXZ 00428280 f   serverbrowser.obj
 0001:000272a0       ??__Eresolverqueries@@YAXXZ 004282a0 f   serverbrowser.obj
 0001:000272c0       ??__Eresolverresults@@YAXXZ 004282c0 f   serverbrowser.obj
 0001:000272e0       ??__Eservers@@YAXXZ        004282e0 f   serverbrowser.obj
 0001:00027300       ??__E__dummy_addserver@@YAXXZ 00428300 f   serverbrowser.obj
 0001:00027320       ??__E__dummy_servermenu@@YAXXZ 00428320 f   serverbrowser.obj
 0001:00027340       ??__E__dummy_updatefrommaster@@YAXXZ 00428340 f   serverbrowser.obj
 0001:00027360       ??__E_1@?A0xcb7c3416@@YAXXZ 00428360 f   serverms.obj
 0001:00027370       ??__E_2@?A0xcb7c3416@@YAXXZ 00428370 f   serverms.obj
 0001:00027380       ??__E_3@?A0xcb7c3416@@YAXXZ 00428380 f   serverms.obj
 0001:00027390       ??__E_4@?A0xcb7c3416@@YAXXZ 00428390 f   serverms.obj
 0001:000273a0       ??__E_5@?A0xcb7c3416@@YAXXZ 004283a0 f   serverms.obj
 0001:000273b0       ??__E_6@?A0xcb7c3416@@YAXXZ 004283b0 f   serverms.obj
 0001:000273c0       ??__E_7@?A0xcb7c3416@@YAXXZ 004283c0 f   serverms.obj
 0001:000273d0       ??__E_8@?A0xcb7c3416@@YAXXZ 004283d0 f   serverms.obj
 0001:000273e0       ??__E_9@?A0xcb7c3416@@YAXXZ 004283e0 f   serverms.obj
 0001:000273f0       ??__E_1@?A0xee4a0231@@YAXXZ 004283f0 f   serverutil.obj
 0001:00027400       ??__E_2@?A0xee4a0231@@YAXXZ 00428400 f   serverutil.obj
 0001:00027410       ??__E_3@?A0xee4a0231@@YAXXZ 00428410 f   serverutil.obj
 0001:00027420       ??__E_4@?A0xee4a0231@@YAXXZ 00428420 f   serverutil.obj
 0001:00027430       ??__E_5@?A0xee4a0231@@YAXXZ 00428430 f   serverutil.obj
 0001:00027440       ??__E_6@?A0xee4a0231@@YAXXZ 00428440 f   serverutil.obj
 0001:00027450       ??__E_7@?A0xee4a0231@@YAXXZ 00428450 f   serverutil.obj
 0001:00027460       ??__E_8@?A0xee4a0231@@YAXXZ 00428460 f   serverutil.obj
 0001:00027470       ??__E_9@?A0xee4a0231@@YAXXZ 00428470 f   serverutil.obj
 0001:00027480       ??__Esel@@YAXXZ            00428480 f   editing.obj
 0001:00027520       ??__Eediting@@YAXXZ        00428520 f   editing.obj
 0001:00027550       ??__E__dummy_toggleedit@@YAXXZ 00428550 f   editing.obj
 0001:00027570       ??__Eflrceil@@YAXXZ        00428570 f   editing.obj
 0001:000275a0       ??__Eundos@@YAXXZ          004285a0 f   editing.obj
 0001:000275c0       ??__Eundomegs@@YAXXZ       004285c0 f   editing.obj
 0001:000275f0       ??__E__dummy_editheight@@YAXXZ 004285f0 f   editing.obj
 0001:00027610       ??__E__dummy_heightfield@@YAXXZ 00428610 f   editing.obj
 0001:00027630       ??__E__dummy_solid@@YAXXZ  00428630 f   editing.obj
 0001:00027650       ??__E__dummy_corner@@YAXXZ 00428650 f   editing.obj
 0001:00027670       ??__E__dummy_equalize@@YAXXZ 00428670 f   editing.obj
 0001:00027690       ??__Efullbright@@YAXXZ     00428690 f   editing.obj
 0001:000276c0       ??__E__dummy_selectpos@@YAXXZ 004286c0 f   editing.obj
 0001:000276e0       ??__E__dummy_edittag@@YAXXZ 004286e0 f   editing.obj
 0001:00027700       ??__E__dummy_replace@@YAXXZ 00428700 f   editing.obj
 0001:00027720       ??__E__dummy_archvertex@@YAXXZ 00428720 f   editing.obj
 0001:00027740       ??__E__dummy_arch@@YAXXZ   00428740 f   editing.obj
 0001:00027760       ??__E__dummy_slope@@YAXXZ  00428760 f   editing.obj
 0001:00027780       ??__E__dummy_setvdelta@@YAXXZ 00428780 f   editing.obj
 0001:000277a0       ??__E__dummy_editundo@@YAXXZ 004287a0 f   editing.obj
 0001:000277c0       ??__E__dummy_copy@@YAXXZ   004287c0 f   editing.obj
 0001:000277e0       ??__E__dummy_paste@@YAXXZ  004287e0 f   editing.obj
 0001:00027800       ??__E__dummy_edittex@@YAXXZ 00428800 f   editing.obj
 0001:00027820       ??__E__dummy_newent@@YAXXZ 00428820 f   editing.obj
 0001:00027840       ??__E__dummy_perlin@@YAXXZ 00428840 f   editing.obj
 0001:00027860       ??__E__dummy_trigger@@YAXXZ 00428860 f   world.obj
 0001:00027880       ??__E__dummy_clearents@@YAXXZ 00428880 f   world.obj
 0001:000278a0       ??__E__dummy_scalelights@@YAXXZ 004288a0 f   world.obj
 0001:000278c0       ??__E__dummy_mapenlarge@@YAXXZ 004288c0 f   world.obj
 0001:000278e0       ??__E__dummy_newmap@@YAXXZ 004288e0 f   world.obj
 0001:00027900       ??__E__dummy_calclight@@YAXXZ 00428900 f   world.obj
 0001:00027920       ??__E__dummy_delent@@YAXXZ 00428920 f   world.obj
 0001:00027940       ??__E__dummy_entproperty@@YAXXZ 00428940 f   world.obj
 0001:00027960       ??__E__dummy_save_world@@YAXXZ 00428960 f   worldio.obj
 0001:00027980       ??__Elightscale@@YAXXZ     00428980 f   worldlight.obj
 0001:000279b0       ??__Edynlight@@YAXXZ       004289b0 f   worldlight.obj
 0001:000279e0       ??__Edlights@@YAXXZ        004289e0 f   worldlight.obj
 0001:00027a00       ??__E__dummy_toggleocull@@YAXXZ 00428a00 f   worldocull.obj
 0001:00027a20       ??__Eents@@YAXXZ           00428a20 f   entities.obj
 0001:00027a40       ??__Emonsters@@YAXXZ       00428a40 f   monster.obj
 0001:00027a60       ??__Eskill@@YAXXZ          00428a60 f   monster.obj
 0001:00027a90       ??__Emaxroll@@YAXXZ        00428a90 f   physics.obj
 0001:00027ac0       ??__E_1@?A0xf92e3606@@YAXXZ 00428ac0 f   savegamedemo.obj
 0001:00027ad0       ??__E_2@?A0xf92e3606@@YAXXZ 00428ad0 f   savegamedemo.obj
 0001:00027ae0       ??__E_3@?A0xf92e3606@@YAXXZ 00428ae0 f   savegamedemo.obj
 0001:00027af0       ??__E_4@?A0xf92e3606@@YAXXZ 00428af0 f   savegamedemo.obj
 0001:00027b00       ??__E_5@?A0xf92e3606@@YAXXZ 00428b00 f   savegamedemo.obj
 0001:00027b10       ??__E_6@?A0xf92e3606@@YAXXZ 00428b10 f   savegamedemo.obj
 0001:00027b20       ??__E_7@?A0xf92e3606@@YAXXZ 00428b20 f   savegamedemo.obj
 0001:00027b30       ??__E_8@?A0xf92e3606@@YAXXZ 00428b30 f   savegamedemo.obj
 0001:00027b40       ??__E_9@?A0xf92e3606@@YAXXZ 00428b40 f   savegamedemo.obj
 0001:00027b50       ??__Eplayerhistory@@YAXXZ  00428b50 f   savegamedemo.obj
 0001:00027b70       ??__Edemoplaybackspeed@@YAXXZ 00428b70 f   savegamedemo.obj
 0001:00027ba0       ??__Edemodelaymsec@@YAXXZ  00428ba0 f   savegamedemo.obj
 0001:00027bd0       ??__E__dummy_record@@YAXXZ 00428bd0 f   savegamedemo.obj
 0001:00027bf0       ??__E__dummy_demo@@YAXXZ   00428bf0 f   savegamedemo.obj
 0001:00027c10       ??__E__dummy_stopn@@YAXXZ  00428c10 f   savegamedemo.obj
 0001:00027c30       ??__E__dummy_savegame@@YAXXZ 00428c30 f   savegamedemo.obj
 0001:00027c50       ??__E__dummy_loadgame@@YAXXZ 00428c50 f   savegamedemo.obj
 0001:00027c70       ??__E__dummy_weapon@@YAXXZ 00428c70 f   weapon.obj
 0001:00027c90       ??__E__dummy_alias@@YAXXZ  00428c90 f   command.obj
 0001:00027cb0       ??__E__dummy_writecfg@@YAXXZ 00428cb0 f   command.obj
 0001:00027cd0       ??__E__dummy_loopa@@YAXXZ  00428cd0 f   command.obj
 0001:00027cf0       ??__E__dummy_whilea@@YAXXZ 00428cf0 f   command.obj
 0001:00027d10       ??__E__dummy_ifthen@@YAXXZ 00428d10 f   command.obj
 0001:00027d30       ??__E__dummy_onrelease@@YAXXZ 00428d30 f   command.obj
 0001:00027d50       ??__E__dummy_exec@@YAXXZ   00428d50 f   command.obj
 0001:00027d70       ??__E__dummy_concat@@YAXXZ 00428d70 f   command.obj
 0001:00027d90       ??__E__dummy_concatword@@YAXXZ 00428d90 f   command.obj
 0001:00027db0       ??__E__dummy_at@@YAXXZ     00428db0 f   command.obj
 0001:00027dd0       ??__E__dummy_listlen@@YAXXZ 00428dd0 f   command.obj
 0001:00027df0       ??__E__dummy_add@@YAXXZ    00428df0 f   command.obj
 0001:00027e10       ??__E__dummy_mul@@YAXXZ    00428e10 f   command.obj
 0001:00027e30       ??__E__dummy_sub@@YAXXZ    00428e30 f   command.obj
 0001:00027e50       ??__E__dummy_divi@@YAXXZ   00428e50 f   command.obj
 0001:00027e70       ??__E__dummy_mod@@YAXXZ    00428e70 f   command.obj
 0001:00027e90       ??__E__dummy_equal@@YAXXZ  00428e90 f   command.obj
 0001:00027eb0       ??__E__dummy_lt@@YAXXZ     00428eb0 f   command.obj
 0001:00027ed0       ??__E__dummy_gt@@YAXXZ     00428ed0 f   command.obj
 0001:00027ef0       ??__E__dummy_strcmpa@@YAXXZ 00428ef0 f   command.obj
 0001:00027f10       ??__E__dummy_rndn@@YAXXZ   00428f10 f   command.obj
 0001:00027f30       ??__E__dummy_explastmillis@@YAXXZ 00428f30 f   command.obj
 0001:00027f50       ??__Econlines@@YAXXZ       00428f50 f   console.obj
 0001:00027f70       ??__E__dummy_setconskip@@YAXXZ 00428f70 f   console.obj
 0001:00027f90       ??__E__dummy_keymap@@YAXXZ 00428f90 f   console.obj
 0001:00027fb0       ??__E__dummy_bindkey@@YAXXZ 00428fb0 f   console.obj
 0001:00027fd0       ??__E__dummy_saycommand@@YAXXZ 00428fd0 f   console.obj
 0001:00027ff0       ??__E__dummy_mapmsg@@YAXXZ 00428ff0 f   console.obj
 0001:00028010       ??__Evhistory@@YAXXZ       00429010 f   console.obj
 0001:00028030       ??__E__dummy_history@@YAXXZ 00429030 f   console.obj
 0001:00028050       ??__E__dummy_screenshot@@YAXXZ 00429050 f   main.obj
 0001:00028070       ??__E__dummy_quit@@YAXXZ   00429070 f   main.obj
 0001:00028090       ??__Egamespeed@@YAXXZ      00429090 f   main.obj
 0001:000280c0       ??__Eminmillis@@YAXXZ      004290c0 f   main.obj
 0001:000280f0       ??__Emenus@@YAXXZ          004290f0 f   menus.obj
 0001:00028110       ??__Emenustack@@YAXXZ      00429110 f   menus.obj
 0001:00028130       ??__E__dummy_menuitem@@YAXXZ 00429130 f   menus.obj
 0001:00028150       ??__E__dummy_showmenu@@YAXXZ 00429150 f   menus.obj
 0001:00028170       ??__E__dummy_newmenu@@YAXXZ 00429170 f   menus.obj
 0001:00028190       ??__E_1@?A0xbc29362f@@YAXXZ 00429190 f   pch.obj
 0001:000281a0       ??__E_2@?A0xbc29362f@@YAXXZ 004291a0 f   pch.obj
 0001:000281b0       ??__E_3@?A0xbc29362f@@YAXXZ 004291b0 f   pch.obj
 0001:000281c0       ??__E_4@?A0xbc29362f@@YAXXZ 004291c0 f   pch.obj
 0001:000281d0       ??__E_5@?A0xbc29362f@@YAXXZ 004291d0 f   pch.obj
 0001:000281e0       ??__E_6@?A0xbc29362f@@YAXXZ 004291e0 f   pch.obj
 0001:000281f0       ??__E_7@?A0xbc29362f@@YAXXZ 004291f0 f   pch.obj
 0001:00028200       ??__E_8@?A0xbc29362f@@YAXXZ 00429200 f   pch.obj
 0001:00028210       ??__E_9@?A0xbc29362f@@YAXXZ 00429210 f   pch.obj
 0001:00028220       ??__Esoundvol@@YAXXZ       00429220 f   sound.obj
 0001:00028250       ??__Emusicvol@@YAXXZ       00429250 f   sound.obj
 0001:00028280       ??__Esoundbufferlen@@YAXXZ 00429280 f   sound.obj
 0001:000282b0       ??__E__dummy_music@@YAXXZ  004292b0 f   sound.obj
 0001:000282d0       ??__Esamples@@YAXXZ        004292d0 f   sound.obj
 0001:000282f0       ??__Esnames@@YAXXZ         004292f0 f   sound.obj
 0001:00028310       ??__E__dummy_registersound@@YAXXZ 00429310 f   sound.obj
 0001:00028330       ??__Estereo@@YAXXZ         00429330 f   sound.obj
 0001:00028360       ??__E__dummy_sound@@YAXXZ  00429360 f   sound.obj
 0001:00028380       ??__Fstrips@@YAXXZ         00429380 f   rendergl.obj
 0001:00028390       ??__Fmapmodels@@YAXXZ      00429390 f   rendermd2.obj
 0001:000283a0       ??__Fmessages@@YAXXZ       004293a0 f   client.obj
 0001:000283b0       ??__Fscorelines@@YAXXZ     004293b0 f   clientextras.obj
 0001:000283c0       ??__Fplayers@@YAXXZ        004293c0 f   clientgame.obj
 0001:000283d0       ??__Fclients@@YAXXZ        004293d0 f   server.obj
 0001:000283e0       ??__Fsents@@YAXXZ          004293e0 f   server.obj
 0001:000283f0       ??__Fresolverthreads@@YAXXZ 004293f0 f   serverbrowser.obj
 0001:00028400       ??__Fresolverqueries@@YAXXZ 00429400 f   serverbrowser.obj
 0001:00028410       ??__Fresolverresults@@YAXXZ 00429410 f   serverbrowser.obj
 0001:00028420       ??__Fservers@@YAXXZ        00429420 f   serverbrowser.obj
 0001:00028430       ??__Fundos@@YAXXZ          00429430 f   editing.obj
 0001:00028440       ??__Fdlights@@YAXXZ        00429440 f   worldlight.obj
 0001:00028450       ??__Fents@@YAXXZ           00429450 f   entities.obj
 0001:00028460       ??__Fmonsters@@YAXXZ       00429460 f   monster.obj
 0001:00028470       ??__Fplayerhistory@@YAXXZ  00429470 f   savegamedemo.obj
 0001:00028480       ??__Fconlines@@YAXXZ       00429480 f   console.obj
 0001:00028490       ??__Fvhistory@@YAXXZ       00429490 f   console.obj
 0001:000284a0       ??__Fmenus@@YAXXZ          004294a0 f   menus.obj
 0001:000284b0       ??__Fmenustack@@YAXXZ      004294b0 f   menus.obj
 0001:000284c0       ??__Fsamples@@YAXXZ        004294c0 f   sound.obj
 0001:000284d0       ??__Fsnames@@YAXXZ         004294d0 f   sound.obj
